
C:\Downloaded Files\Virtual-Com-2\Virtual-Com-2\Project\Virtual_COM_Port\RIDE\STM3210E-OPEN4\lcd_spe_IL9325.o:     file format elf32-littlearm
C:\Downloaded Files\Virtual-Com-2\Virtual-Com-2\Project\Virtual_COM_Port\RIDE\STM3210E-OPEN4\lcd_spe_IL9325.o


Disassembly of section .text.LCD_Power_ON:

00000000 <LCD_Power_ON>:
LCD_Power_ON():
C:\Downloaded Files\Virtual-Com-2\Virtual-Com-2\Project\Virtual_COM_Port\RIDE\CircleOS\src/lcd_spe_IL9325.c:165
*  LCD Power ON sequence.
*
**/
/******************************************************************************/
void LCD_Power_ON( void )
{
   0:	b510      	push	{r4, lr}
C:\Downloaded Files\Virtual-Com-2\Virtual-Com-2\Project\Virtual_COM_Port\RIDE\CircleOS\src/lcd_spe_IL9325.c:167
    // Reset registers
    LCD_Write_Reg( ILI9325_POW_CTRL_1, 0x0000 );    // SAP=0, BT[3:0]=0000, AP=0, DSTB=0, SLP=0, STB=0
   2:	2010      	movs	r0, #16
   4:	2100      	movs	r1, #0
   6:	f7ff fffe 	bl	0 <LCD_Write_Reg>
C:\Downloaded Files\Virtual-Com-2\Virtual-Com-2\Project\Virtual_COM_Port\RIDE\CircleOS\src/lcd_spe_IL9325.c:168
    LCD_Write_Reg( ILI9325_POW_CTRL_2, 0x0007 );    // DC1[2:0]=000, DC0[2:0]=000 (osc/1), VC[2:0]=111 (Vci/1)
   a:	2011      	movs	r0, #17
   c:	2107      	movs	r1, #7
   e:	f7ff fffe 	bl	0 <LCD_Write_Reg>
C:\Downloaded Files\Virtual-Com-2\Virtual-Com-2\Project\Virtual_COM_Port\RIDE\CircleOS\src/lcd_spe_IL9325.c:169
    LCD_Write_Reg( ILI9325_POW_CTRL_3, 0x0000 );    // VREG1OUT voltage = halt
  12:	2012      	movs	r0, #18
  14:	2100      	movs	r1, #0
  16:	f7ff fffe 	bl	0 <LCD_Write_Reg>
C:\Downloaded Files\Virtual-Com-2\Virtual-Com-2\Project\Virtual_COM_Port\RIDE\CircleOS\src/lcd_spe_IL9325.c:170
    LCD_Write_Reg( ILI9325_POW_CTRL_4, 0x0000 );    // VDV[4:0]=00000 for VCOM amplitude = VREG1OUT * 0.7
  1a:	2100      	movs	r1, #0
  1c:	2013      	movs	r0, #19
  1e:	f7ff fffe 	bl	0 <LCD_Write_Reg>
C:\Downloaded Files\Virtual-Com-2\Virtual-Com-2\Project\Virtual_COM_Port\RIDE\CircleOS\src/lcd_spe_IL9325.c:171
    Delayms( 200 );                                 // Dis-charge capacitor power voltage
  22:	20c8      	movs	r0, #200	; 0xc8
  24:	f7ff fffe 	bl	0 <Delayms>
C:\Downloaded Files\Virtual-Com-2\Virtual-Com-2\Project\Virtual_COM_Port\RIDE\CircleOS\src/lcd_spe_IL9325.c:173

    LCD_Write_Reg( ILI9325_POW_CTRL_1, 0x1690 );    // SAP=1  (soure driver enable), BT[3:0]=101, AP=001 (driver =1),
  28:	2010      	movs	r0, #16
  2a:	f241 6190 	movw	r1, #5776	; 0x1690
  2e:	f7ff fffe 	bl	0 <LCD_Write_Reg>
C:\Downloaded Files\Virtual-Com-2\Virtual-Com-2\Project\Virtual_COM_Port\RIDE\CircleOS\src/lcd_spe_IL9325.c:175
    // APE=1 (power supply enbale), DSTB=0, SLP=0, STB=0
    LCD_Write_Reg( ILI9325_POW_CTRL_2, 0x0221 );    // DC1[2:0]=010 (f/4), DC0[2:0]=010 (f/16), VC[2:0]=001 (Vci*0.9 = 2,8V)
  32:	2011      	movs	r0, #17
  34:	f240 2121 	movw	r1, #545	; 0x221
  38:	f7ff fffe 	bl	0 <LCD_Write_Reg>
C:\Downloaded Files\Virtual-Com-2\Virtual-Com-2\Project\Virtual_COM_Port\RIDE\CircleOS\src/lcd_spe_IL9325.c:176
    Delayms( 50 );
  3c:	2032      	movs	r0, #50	; 0x32
  3e:	f7ff fffe 	bl	0 <Delayms>
C:\Downloaded Files\Virtual-Com-2\Virtual-Com-2\Project\Virtual_COM_Port\RIDE\CircleOS\src/lcd_spe_IL9325.c:178

    LCD_Write_Reg( ILI9325_POW_CTRL_3, 0x0018 );    // PON=1 (Power ON), VCIRE=0 (external reference)
  42:	2118      	movs	r1, #24
  44:	2012      	movs	r0, #18
  46:	f7ff fffe 	bl	0 <LCD_Write_Reg>
C:\Downloaded Files\Virtual-Com-2\Virtual-Com-2\Project\Virtual_COM_Port\RIDE\CircleOS\src/lcd_spe_IL9325.c:179
    Delayms( 50 );                                  // VRH=1000 (VREG1OUT voltage = Vci * 1,60  = 4,96V)
  4a:	2032      	movs	r0, #50	; 0x32
  4c:	f7ff fffe 	bl	0 <Delayms>
C:\Downloaded Files\Virtual-Com-2\Virtual-Com-2\Project\Virtual_COM_Port\RIDE\CircleOS\src/lcd_spe_IL9325.c:181

    LCD_Write_Reg( ILI9325_POW_CTRL_4, 0x1800 );    // VDV[4:0]=11000 (VCOM amplitude = VRegout * 1,10 = 5,45V)
  50:	2013      	movs	r0, #19
  52:	f44f 51c0 	mov.w	r1, #6144	; 0x1800
  56:	f7ff fffe 	bl	0 <LCD_Write_Reg>
C:\Downloaded Files\Virtual-Com-2\Virtual-Com-2\Project\Virtual_COM_Port\RIDE\CircleOS\src/lcd_spe_IL9325.c:182
    LCD_Write_Reg( ILI9325_POW_CTRL_7, 0x002A );    // VCM[5:0]=101010 (VCOMH =  VREG1 * 0,895 =  4,44V)
  5a:	2029      	movs	r0, #41	; 0x29
  5c:	212a      	movs	r1, #42	; 0x2a
  5e:	f7ff fffe 	bl	0 <LCD_Write_Reg>
C:\Downloaded Files\Virtual-Com-2\Virtual-Com-2\Project\Virtual_COM_Port\RIDE\CircleOS\src/lcd_spe_IL9325.c:183
    LCD_Write_Reg( ILI9325_FRM_RATE_COLOR, 0x000B ); /* Frame Rate = 70Hz  */
  62:	210b      	movs	r1, #11
  64:	202b      	movs	r0, #43	; 0x2b
  66:	f7ff fffe 	bl	0 <LCD_Write_Reg>
C:\Downloaded Files\Virtual-Com-2\Virtual-Com-2\Project\Virtual_COM_Port\RIDE\CircleOS\src/lcd_spe_IL9325.c:184
    Delayms( 50 );
  6a:	2032      	movs	r0, #50	; 0x32
C:\Downloaded Files\Virtual-Com-2\Virtual-Com-2\Project\Virtual_COM_Port\RIDE\CircleOS\src/lcd_spe_IL9325.c:187

    return;
}
  6c:	e8bd 4010 	ldmia.w	sp!, {r4, lr}
C:\Downloaded Files\Virtual-Com-2\Virtual-Com-2\Project\Virtual_COM_Port\RIDE\CircleOS\src/lcd_spe_IL9325.c:184
    Delayms( 50 );                                  // VRH=1000 (VREG1OUT voltage = Vci * 1,60  = 4,96V)

    LCD_Write_Reg( ILI9325_POW_CTRL_4, 0x1800 );    // VDV[4:0]=11000 (VCOM amplitude = VRegout * 1,10 = 5,45V)
    LCD_Write_Reg( ILI9325_POW_CTRL_7, 0x002A );    // VCM[5:0]=101010 (VCOMH =  VREG1 * 0,895 =  4,44V)
    LCD_Write_Reg( ILI9325_FRM_RATE_COLOR, 0x000B ); /* Frame Rate = 70Hz  */
    Delayms( 50 );
  70:	f7ff bffe 	b.w	0 <Delayms>

Disassembly of section .text.LCD_Gamma_Adjust:

00000000 <LCD_Gamma_Adjust>:
LCD_Gamma_Adjust():
C:\Downloaded Files\Virtual-Com-2\Virtual-Com-2\Project\Virtual_COM_Port\RIDE\CircleOS\src/lcd_spe_IL9325.c:200
*  Adjust the gamma colors of the LCD.
*
**/
/*****************************************************************************/
void LCD_Gamma_Adjust( void )
{
   0:	b510      	push	{r4, lr}
C:\Downloaded Files\Virtual-Com-2\Virtual-Com-2\Project\Virtual_COM_Port\RIDE\CircleOS\src/lcd_spe_IL9325.c:201
    LCD_Write_Reg( ILI9325_GAMMA_CTRL_1, 0x0004 );
   2:	2030      	movs	r0, #48	; 0x30
   4:	2104      	movs	r1, #4
   6:	f7ff fffe 	bl	0 <LCD_Write_Reg>
C:\Downloaded Files\Virtual-Com-2\Virtual-Com-2\Project\Virtual_COM_Port\RIDE\CircleOS\src/lcd_spe_IL9325.c:202
    LCD_Write_Reg( ILI9325_GAMMA_CTRL_2, 0x0007 );
   a:	2031      	movs	r0, #49	; 0x31
   c:	2107      	movs	r1, #7
   e:	f7ff fffe 	bl	0 <LCD_Write_Reg>
C:\Downloaded Files\Virtual-Com-2\Virtual-Com-2\Project\Virtual_COM_Port\RIDE\CircleOS\src/lcd_spe_IL9325.c:203
    LCD_Write_Reg( ILI9325_GAMMA_CTRL_3, 0x0006 );
  12:	2032      	movs	r0, #50	; 0x32
  14:	2106      	movs	r1, #6
  16:	f7ff fffe 	bl	0 <LCD_Write_Reg>
C:\Downloaded Files\Virtual-Com-2\Virtual-Com-2\Project\Virtual_COM_Port\RIDE\CircleOS\src/lcd_spe_IL9325.c:204
    LCD_Write_Reg( ILI9325_GAMMA_CTRL_4, 0x0206 );
  1a:	2035      	movs	r0, #53	; 0x35
  1c:	f240 2106 	movw	r1, #518	; 0x206
  20:	f7ff fffe 	bl	0 <LCD_Write_Reg>
C:\Downloaded Files\Virtual-Com-2\Virtual-Com-2\Project\Virtual_COM_Port\RIDE\CircleOS\src/lcd_spe_IL9325.c:205
    LCD_Write_Reg( ILI9325_GAMMA_CTRL_5, 0x0408 );
  24:	2036      	movs	r0, #54	; 0x36
  26:	f44f 6181 	mov.w	r1, #1032	; 0x408
  2a:	f7ff fffe 	bl	0 <LCD_Write_Reg>
C:\Downloaded Files\Virtual-Com-2\Virtual-Com-2\Project\Virtual_COM_Port\RIDE\CircleOS\src/lcd_spe_IL9325.c:206
    LCD_Write_Reg( ILI9325_GAMMA_CTRL_6, 0x0507 );
  2e:	2037      	movs	r0, #55	; 0x37
  30:	f240 5107 	movw	r1, #1287	; 0x507
  34:	f7ff fffe 	bl	0 <LCD_Write_Reg>
C:\Downloaded Files\Virtual-Com-2\Virtual-Com-2\Project\Virtual_COM_Port\RIDE\CircleOS\src/lcd_spe_IL9325.c:207
    LCD_Write_Reg( ILI9325_GAMMA_CTRL_7, 0x0200 );
  38:	2038      	movs	r0, #56	; 0x38
  3a:	f44f 7100 	mov.w	r1, #512	; 0x200
  3e:	f7ff fffe 	bl	0 <LCD_Write_Reg>
C:\Downloaded Files\Virtual-Com-2\Virtual-Com-2\Project\Virtual_COM_Port\RIDE\CircleOS\src/lcd_spe_IL9325.c:208
    LCD_Write_Reg( ILI9325_GAMMA_CTRL_8, 0x0707 );
  42:	2039      	movs	r0, #57	; 0x39
  44:	f240 7107 	movw	r1, #1799	; 0x707
  48:	f7ff fffe 	bl	0 <LCD_Write_Reg>
C:\Downloaded Files\Virtual-Com-2\Virtual-Com-2\Project\Virtual_COM_Port\RIDE\CircleOS\src/lcd_spe_IL9325.c:209
    LCD_Write_Reg( ILI9325_GAMMA_CTRL_9, 0x0504 );
  4c:	203c      	movs	r0, #60	; 0x3c
  4e:	f240 5104 	movw	r1, #1284	; 0x504
  52:	f7ff fffe 	bl	0 <LCD_Write_Reg>
C:\Downloaded Files\Virtual-Com-2\Virtual-Com-2\Project\Virtual_COM_Port\RIDE\CircleOS\src/lcd_spe_IL9325.c:210
    LCD_Write_Reg( ILI9325_GAMMA_CTRL_10, 0x0F02 );
  56:	203d      	movs	r0, #61	; 0x3d
  58:	f640 7102 	movw	r1, #3842	; 0xf02
C:\Downloaded Files\Virtual-Com-2\Virtual-Com-2\Project\Virtual_COM_Port\RIDE\CircleOS\src/lcd_spe_IL9325.c:212
    return;
}
  5c:	e8bd 4010 	ldmia.w	sp!, {r4, lr}
C:\Downloaded Files\Virtual-Com-2\Virtual-Com-2\Project\Virtual_COM_Port\RIDE\CircleOS\src/lcd_spe_IL9325.c:210
    LCD_Write_Reg( ILI9325_GAMMA_CTRL_5, 0x0408 );
    LCD_Write_Reg( ILI9325_GAMMA_CTRL_6, 0x0507 );
    LCD_Write_Reg( ILI9325_GAMMA_CTRL_7, 0x0200 );
    LCD_Write_Reg( ILI9325_GAMMA_CTRL_8, 0x0707 );
    LCD_Write_Reg( ILI9325_GAMMA_CTRL_9, 0x0504 );
    LCD_Write_Reg( ILI9325_GAMMA_CTRL_10, 0x0F02 );
  60:	f7ff bffe 	b.w	0 <LCD_Write_Reg>

Disassembly of section .text.LCD_Controller_init:

00000000 <LCD_Controller_init>:
LCD_Controller_init():
C:\Downloaded Files\Virtual-Com-2\Virtual-Com-2\Project\Virtual_COM_Port\RIDE\CircleOS\src/lcd_spe_IL9325.c:85
*  Initialization of the controller registers.
*
**/
/******************************************************************************/
void LCD_Controller_init( void )
{
   0:	b510      	push	{r4, lr}
C:\Downloaded Files\Virtual-Com-2\Virtual-Com-2\Project\Virtual_COM_Port\RIDE\CircleOS\src/lcd_spe_IL9325.c:87

    LCD_Write_Reg( ILI9325_TIMING_CTRL_1, 0x3008 );     // Set internal timing
   2:	20e3      	movs	r0, #227	; 0xe3
   4:	f243 0108 	movw	r1, #12296	; 0x3008
   8:	f7ff fffe 	bl	0 <LCD_Write_Reg>
C:\Downloaded Files\Virtual-Com-2\Virtual-Com-2\Project\Virtual_COM_Port\RIDE\CircleOS\src/lcd_spe_IL9325.c:88
    LCD_Write_Reg( ILI9325_TIMING_CTRL_2, 0x0012 );     // Set internal timing
   c:	20e7      	movs	r0, #231	; 0xe7
   e:	2112      	movs	r1, #18
  10:	f7ff fffe 	bl	0 <LCD_Write_Reg>
C:\Downloaded Files\Virtual-Com-2\Virtual-Com-2\Project\Virtual_COM_Port\RIDE\CircleOS\src/lcd_spe_IL9325.c:89
    LCD_Write_Reg( ILI9325_TIMING_CTRL_3, 0x1231 );     // Set internal timing
  14:	20ef      	movs	r0, #239	; 0xef
  16:	f241 2131 	movw	r1, #4657	; 0x1231
  1a:	f7ff fffe 	bl	0 <LCD_Write_Reg>
C:\Downloaded Files\Virtual-Com-2\Virtual-Com-2\Project\Virtual_COM_Port\RIDE\CircleOS\src/lcd_spe_IL9325.c:91

    LCD_Write_Reg( ILI9325_START_OSC, 0x0001 );         // Start oscillator
  1e:	2101      	movs	r1, #1
  20:	2000      	movs	r0, #0
  22:	f7ff fffe 	bl	0 <LCD_Write_Reg>
C:\Downloaded Files\Virtual-Com-2\Virtual-Com-2\Project\Virtual_COM_Port\RIDE\CircleOS\src/lcd_spe_IL9325.c:92
    Delayms( 50 );
  26:	2032      	movs	r0, #50	; 0x32
  28:	f7ff fffe 	bl	0 <Delayms>
C:\Downloaded Files\Virtual-Com-2\Virtual-Com-2\Project\Virtual_COM_Port\RIDE\CircleOS\src/lcd_spe_IL9325.c:94

    LCD_Write_Reg( ILI9325_DRV_OUTPUT_CTRL_1, 0x0100 ); // Set SS=1 (Shift direction = 720->1) and SM=0 bit
  2c:	2001      	movs	r0, #1
  2e:	f44f 7180 	mov.w	r1, #256	; 0x100
  32:	f7ff fffe 	bl	0 <LCD_Write_Reg>
C:\Downloaded Files\Virtual-Com-2\Virtual-Com-2\Project\Virtual_COM_Port\RIDE\CircleOS\src/lcd_spe_IL9325.c:95
    LCD_Write_Reg( ILI9325_LCD_DRV_CTRL, 0x0700 );      // Set 1 line inversion
  36:	2002      	movs	r0, #2
  38:	f44f 61e0 	mov.w	r1, #1792	; 0x700
  3c:	f7ff fffe 	bl	0 <LCD_Write_Reg>
C:\Downloaded Files\Virtual-Com-2\Virtual-Com-2\Project\Virtual_COM_Port\RIDE\CircleOS\src/lcd_spe_IL9325.c:97

    LCD_Write_Reg( ILI9325_ENTRY_MOD, V12_MADCTRVAL );  // TRI=0/DFM=0 (2x8 bits), BGR=1 (RGB swap)
  40:	2003      	movs	r0, #3
  42:	f241 0128 	movw	r1, #4136	; 0x1028
  46:	f7ff fffe 	bl	0 <LCD_Write_Reg>
C:\Downloaded Files\Virtual-Com-2\Virtual-Com-2\Project\Virtual_COM_Port\RIDE\CircleOS\src/lcd_spe_IL9325.c:100
    // HWM=0 (no high speed), ORG=0, AM=1, I/D=10

    LCD_Write_Reg( ILI9325_RESIZE_CTRL, 0x0000 );       // Resize register = no resizing
  4a:	2004      	movs	r0, #4
  4c:	2100      	movs	r1, #0
  4e:	f7ff fffe 	bl	0 <LCD_Write_Reg>
C:\Downloaded Files\Virtual-Com-2\Virtual-Com-2\Project\Virtual_COM_Port\RIDE\CircleOS\src/lcd_spe_IL9325.c:101
    LCD_Write_Reg( ILI9325_DIS_CTRL_2, 0x0202 );        // Set the back porch and front porch = 2 lines
  52:	2008      	movs	r0, #8
  54:	f240 2102 	movw	r1, #514	; 0x202
  58:	f7ff fffe 	bl	0 <LCD_Write_Reg>
C:\Downloaded Files\Virtual-Com-2\Virtual-Com-2\Project\Virtual_COM_Port\RIDE\CircleOS\src/lcd_spe_IL9325.c:102
    LCD_Write_Reg( ILI9325_DIS_CTRL_3, 0x0000 );        // Set non-display area refresh cycle ISC[3:0]
  5c:	2009      	movs	r0, #9
  5e:	2100      	movs	r1, #0
  60:	f7ff fffe 	bl	0 <LCD_Write_Reg>
C:\Downloaded Files\Virtual-Com-2\Virtual-Com-2\Project\Virtual_COM_Port\RIDE\CircleOS\src/lcd_spe_IL9325.c:103
    LCD_Write_Reg( ILI9325_DIS_CTRL_4, 0x0000 );        // FMARK function
  64:	200a      	movs	r0, #10
  66:	2100      	movs	r1, #0
  68:	f7ff fffe 	bl	0 <LCD_Write_Reg>
C:\Downloaded Files\Virtual-Com-2\Virtual-Com-2\Project\Virtual_COM_Port\RIDE\CircleOS\src/lcd_spe_IL9325.c:104
    LCD_Write_Reg( ILI9325_RGB_CTRL_1, 0x0000 );        // RGB interface setting DM=00 (internal clock)
  6c:	200c      	movs	r0, #12
  6e:	2100      	movs	r1, #0
  70:	f7ff fffe 	bl	0 <LCD_Write_Reg>
C:\Downloaded Files\Virtual-Com-2\Virtual-Com-2\Project\Virtual_COM_Port\RIDE\CircleOS\src/lcd_spe_IL9325.c:106
    // RM=0  (RAM acces by system interface)
    LCD_Write_Reg( ILI9325_FRAME_MARKER_POS, 0x0000 );  // Frame marker Position
  74:	200d      	movs	r0, #13
  76:	2100      	movs	r1, #0
  78:	f7ff fffe 	bl	0 <LCD_Write_Reg>
C:\Downloaded Files\Virtual-Com-2\Virtual-Com-2\Project\Virtual_COM_Port\RIDE\CircleOS\src/lcd_spe_IL9325.c:107
    LCD_Write_Reg( ILI9325_RGB_CTRL_2, 0x0000 );        // RGB interface polarity (not concerned)
  7c:	200f      	movs	r0, #15
  7e:	2100      	movs	r1, #0
  80:	f7ff fffe 	bl	0 <LCD_Write_Reg>
C:\Downloaded Files\Virtual-Com-2\Virtual-Com-2\Project\Virtual_COM_Port\RIDE\CircleOS\src/lcd_spe_IL9325.c:110

    // Power ON sequence
    LCD_Power_ON();
  84:	f7ff fffe 	bl	0 <LCD_Controller_init>
C:\Downloaded Files\Virtual-Com-2\Virtual-Com-2\Project\Virtual_COM_Port\RIDE\CircleOS\src/lcd_spe_IL9325.c:113

    // Gamma adjustement
    LCD_Gamma_Adjust();
  88:	f7ff fffe 	bl	0 <LCD_Controller_init>
C:\Downloaded Files\Virtual-Com-2\Virtual-Com-2\Project\Virtual_COM_Port\RIDE\CircleOS\src/lcd_spe_IL9325.c:116

    /* Set GRAM area */
    LCD_Write_Reg( ILI9325_HOR_ADDR_START, 0x0000 );    // Horizontal GRAM Start Address
  8c:	2050      	movs	r0, #80	; 0x50
  8e:	2100      	movs	r1, #0
  90:	f7ff fffe 	bl	0 <LCD_Write_Reg>
C:\Downloaded Files\Virtual-Com-2\Virtual-Com-2\Project\Virtual_COM_Port\RIDE\CircleOS\src/lcd_spe_IL9325.c:117
    LCD_Write_Reg( ILI9325_HOR_ADDR_END, 0x00EF );      // Horizontal GRAM End Address (239)
  94:	2051      	movs	r0, #81	; 0x51
  96:	21ef      	movs	r1, #239	; 0xef
  98:	f7ff fffe 	bl	0 <LCD_Write_Reg>
C:\Downloaded Files\Virtual-Com-2\Virtual-Com-2\Project\Virtual_COM_Port\RIDE\CircleOS\src/lcd_spe_IL9325.c:118
    LCD_Write_Reg( ILI9325_VET_ADDR_START, 0x0000 );    // Vertical GRAM Start Address
  9c:	2052      	movs	r0, #82	; 0x52
  9e:	2100      	movs	r1, #0
  a0:	f7ff fffe 	bl	0 <LCD_Write_Reg>
C:\Downloaded Files\Virtual-Com-2\Virtual-Com-2\Project\Virtual_COM_Port\RIDE\CircleOS\src/lcd_spe_IL9325.c:119
    LCD_Write_Reg( ILI9325_VET_ADDR_END, 0x013F );      // Vertical GRAM End Address (319)
  a4:	2053      	movs	r0, #83	; 0x53
  a6:	f240 113f 	movw	r1, #319	; 0x13f
  aa:	f7ff fffe 	bl	0 <LCD_Write_Reg>
C:\Downloaded Files\Virtual-Com-2\Virtual-Com-2\Project\Virtual_COM_Port\RIDE\CircleOS\src/lcd_spe_IL9325.c:121

    LCD_Write_Reg( ILI9325_DRV_OUTPUT_CTRL_2, 0xA700 ); // Gate Scan Line : GS=1, NL=0X27 (320 lines),
  ae:	2060      	movs	r0, #96	; 0x60
  b0:	f44f 4127 	mov.w	r1, #42752	; 0xa700
  b4:	f7ff fffe 	bl	0 <LCD_Write_Reg>
C:\Downloaded Files\Virtual-Com-2\Virtual-Com-2\Project\Virtual_COM_Port\RIDE\CircleOS\src/lcd_spe_IL9325.c:123
    // SCN=00000 (start scan G320)
    LCD_Write_Reg( ILI9325_BASE_IMG_CTRL, 0x0001 );     // NDL=0 (non display level), VLE=0 (vertical scroll disable), REV=1 (non grayscale inversion)
  b8:	2061      	movs	r0, #97	; 0x61
  ba:	2101      	movs	r1, #1
  bc:	f7ff fffe 	bl	0 <LCD_Write_Reg>
C:\Downloaded Files\Virtual-Com-2\Virtual-Com-2\Project\Virtual_COM_Port\RIDE\CircleOS\src/lcd_spe_IL9325.c:124
    LCD_Write_Reg( ILI9325_VSCROLL_CTRL, 0x0000 );      // Set scrolling line
  c0:	206a      	movs	r0, #106	; 0x6a
  c2:	2100      	movs	r1, #0
  c4:	f7ff fffe 	bl	0 <LCD_Write_Reg>
C:\Downloaded Files\Virtual-Com-2\Virtual-Com-2\Project\Virtual_COM_Port\RIDE\CircleOS\src/lcd_spe_IL9325.c:127

    // Partial image configuration
    LCD_Write_Reg( ILI9325_PAR_IMG1_POS, 0 );
  c8:	2080      	movs	r0, #128	; 0x80
  ca:	2100      	movs	r1, #0
  cc:	f7ff fffe 	bl	0 <LCD_Write_Reg>
C:\Downloaded Files\Virtual-Com-2\Virtual-Com-2\Project\Virtual_COM_Port\RIDE\CircleOS\src/lcd_spe_IL9325.c:128
    LCD_Write_Reg( ILI9325_PAR_IMG1_START, 0 );
  d0:	2081      	movs	r0, #129	; 0x81
  d2:	2100      	movs	r1, #0
  d4:	f7ff fffe 	bl	0 <LCD_Write_Reg>
C:\Downloaded Files\Virtual-Com-2\Virtual-Com-2\Project\Virtual_COM_Port\RIDE\CircleOS\src/lcd_spe_IL9325.c:129
    LCD_Write_Reg( ILI9325_PAR_IMG1_END, 0 );
  d8:	2082      	movs	r0, #130	; 0x82
  da:	2100      	movs	r1, #0
  dc:	f7ff fffe 	bl	0 <LCD_Write_Reg>
C:\Downloaded Files\Virtual-Com-2\Virtual-Com-2\Project\Virtual_COM_Port\RIDE\CircleOS\src/lcd_spe_IL9325.c:130
    LCD_Write_Reg( ILI9325_PAR_IMG2_POS, 0 );
  e0:	2083      	movs	r0, #131	; 0x83
  e2:	2100      	movs	r1, #0
  e4:	f7ff fffe 	bl	0 <LCD_Write_Reg>
C:\Downloaded Files\Virtual-Com-2\Virtual-Com-2\Project\Virtual_COM_Port\RIDE\CircleOS\src/lcd_spe_IL9325.c:131
    LCD_Write_Reg( ILI9325_PAR_IMG2_START, 0 );
  e8:	2084      	movs	r0, #132	; 0x84
  ea:	2100      	movs	r1, #0
  ec:	f7ff fffe 	bl	0 <LCD_Write_Reg>
C:\Downloaded Files\Virtual-Com-2\Virtual-Com-2\Project\Virtual_COM_Port\RIDE\CircleOS\src/lcd_spe_IL9325.c:132
    LCD_Write_Reg( ILI9325_PAR_IMG2_END, 0 );
  f0:	2085      	movs	r0, #133	; 0x85
  f2:	2100      	movs	r1, #0
  f4:	f7ff fffe 	bl	0 <LCD_Write_Reg>
C:\Downloaded Files\Virtual-Com-2\Virtual-Com-2\Project\Virtual_COM_Port\RIDE\CircleOS\src/lcd_spe_IL9325.c:135

    // Panel interface control
    LCD_Write_Reg( ILI9325_PAN_CTRL_1, 0x0010 );        // RTNI=10000 DIVI=00 (16 clocks/horizontal line, internal sync mode)
  f8:	2090      	movs	r0, #144	; 0x90
  fa:	2110      	movs	r1, #16
  fc:	f7ff fffe 	bl	0 <LCD_Write_Reg>
C:\Downloaded Files\Virtual-Com-2\Virtual-Com-2\Project\Virtual_COM_Port\RIDE\CircleOS\src/lcd_spe_IL9325.c:136
    LCD_Write_Reg( ILI9325_PAN_CTRL_2, 0x0000 );        // NOWI=000(non overlap period = 0 clocks)
 100:	2092      	movs	r0, #146	; 0x92
 102:	2100      	movs	r1, #0
 104:	f7ff fffe 	bl	0 <LCD_Write_Reg>
C:\Downloaded Files\Virtual-Com-2\Virtual-Com-2\Project\Virtual_COM_Port\RIDE\CircleOS\src/lcd_spe_IL9325.c:137
    LCD_Write_Reg( ILI9325_PAN_CTRL_3, 0x0003 );        // ???
 108:	2093      	movs	r0, #147	; 0x93
 10a:	2103      	movs	r1, #3
 10c:	f7ff fffe 	bl	0 <LCD_Write_Reg>
C:\Downloaded Files\Virtual-Com-2\Virtual-Com-2\Project\Virtual_COM_Port\RIDE\CircleOS\src/lcd_spe_IL9325.c:138
    LCD_Write_Reg( ILI9325_PAN_CTRL_4, 0x0110 );        // RTNE=010000 DIVE=01 (DOTCLK ratio 4, 16 clocks/horizontal line, RGB mode)
 110:	2095      	movs	r0, #149	; 0x95
 112:	f44f 7188 	mov.w	r1, #272	; 0x110
 116:	f7ff fffe 	bl	0 <LCD_Write_Reg>
C:\Downloaded Files\Virtual-Com-2\Virtual-Com-2\Project\Virtual_COM_Port\RIDE\CircleOS\src/lcd_spe_IL9325.c:139
    LCD_Write_Reg( ILI9325_PAN_CTRL_5, 0x0000 );        // ???
 11a:	2097      	movs	r0, #151	; 0x97
 11c:	2100      	movs	r1, #0
 11e:	f7ff fffe 	bl	0 <LCD_Write_Reg>
C:\Downloaded Files\Virtual-Com-2\Virtual-Com-2\Project\Virtual_COM_Port\RIDE\CircleOS\src/lcd_spe_IL9325.c:140
    LCD_Write_Reg( ILI9325_PAN_CTRL_6, 0x0000 );        // ???
 122:	2098      	movs	r0, #152	; 0x98
 124:	2100      	movs	r1, #0
 126:	f7ff fffe 	bl	0 <LCD_Write_Reg>
C:\Downloaded Files\Virtual-Com-2\Virtual-Com-2\Project\Virtual_COM_Port\RIDE\CircleOS\src/lcd_spe_IL9325.c:143

    // Color mode display
    LCD_Write_Reg( ILI9325_DIS_CTRL_1, 0x0133 );        // D0/D1=11, BASEE=1, GON=1 (display ON), CL=0 (262K colors)
 12a:	2007      	movs	r0, #7
 12c:	f240 1133 	movw	r1, #307	; 0x133
 130:	f7ff fffe 	bl	0 <LCD_Write_Reg>
C:\Downloaded Files\Virtual-Com-2\Virtual-Com-2\Project\Virtual_COM_Port\RIDE\CircleOS\src/lcd_spe_IL9325.c:145
    // PTDE=00 (no partial image)
    LCD_Write_Reg( 0xE4, 0x1430 );     // Set full frame read enable
 134:	20e4      	movs	r0, #228	; 0xe4
 136:	f241 4130 	movw	r1, #5168	; 0x1430
 13a:	f7ff fffe 	bl	0 <LCD_Write_Reg>
C:\Downloaded Files\Virtual-Com-2\Virtual-Com-2\Project\Virtual_COM_Port\RIDE\CircleOS\src/lcd_spe_IL9325.c:148

    // Prepare write into graphical RAM
    LCD_Write_Reg( ILI9325_GRAM_HADDR, 0x0000 );        // GRAM horizontal Address
 13e:	2020      	movs	r0, #32
 140:	2100      	movs	r1, #0
 142:	f7ff fffe 	bl	0 <LCD_Write_Reg>
C:\Downloaded Files\Virtual-Com-2\Virtual-Com-2\Project\Virtual_COM_Port\RIDE\CircleOS\src/lcd_spe_IL9325.c:149
    LCD_Write_Reg( ILI9325_GRAM_VADDR, 0x0000 );        // GRAM Vertical Address
 146:	2021      	movs	r0, #33	; 0x21
 148:	2100      	movs	r1, #0
C:\Downloaded Files\Virtual-Com-2\Virtual-Com-2\Project\Virtual_COM_Port\RIDE\CircleOS\src/lcd_spe_IL9325.c:152


}
 14a:	e8bd 4010 	ldmia.w	sp!, {r4, lr}
C:\Downloaded Files\Virtual-Com-2\Virtual-Com-2\Project\Virtual_COM_Port\RIDE\CircleOS\src/lcd_spe_IL9325.c:149
    // PTDE=00 (no partial image)
    LCD_Write_Reg( 0xE4, 0x1430 );     // Set full frame read enable

    // Prepare write into graphical RAM
    LCD_Write_Reg( ILI9325_GRAM_HADDR, 0x0000 );        // GRAM horizontal Address
    LCD_Write_Reg( ILI9325_GRAM_VADDR, 0x0000 );        // GRAM Vertical Address
 14e:	f7ff bffe 	b.w	0 <LCD_Write_Reg>

Disassembly of section .text.LCD_CheckLCDStatus:

00000000 <LCD_CheckLCDStatus>:
LCD_CheckLCDStatus():
C:\Downloaded Files\Virtual-Com-2\Virtual-Com-2\Project\Virtual_COM_Port\RIDE\CircleOS\src/lcd_spe_IL9325.c:228
**/
/******************************************************************************/
u16 LCD_CheckLCDStatus( void )
{
    /* Read LCD device IDs*/
    u16 IDcode = LCD_Read_Reg( ILI9325_DRV_CODE );  // Must return 0x9325
   0:	2000      	movs	r0, #0
   2:	f7ff bffe 	b.w	0 <LCD_Read_Reg>

Disassembly of section .text.LCD_Init:

00000000 <LCD_Init>:
LCD_Init():
C:\Downloaded Files\Virtual-Com-2\Virtual-Com-2\Project\Virtual_COM_Port\RIDE\CircleOS\src/lcd_spe_IL9325.c:46
*
**/
/******************************************************************************/
void LCD_Init( void )
{
    Screen_Width  = APP_SCREEN_WIDTH;
   0:	4a13      	ldr	r2, [pc, #76]	; (50 <LCD_Init+0x50>)
C:\Downloaded Files\Virtual-Com-2\Virtual-Com-2\Project\Virtual_COM_Port\RIDE\CircleOS\src/lcd_spe_IL9325.c:45
*  @attention  This function must <b>NOT</b> be called by the user.
*
**/
/******************************************************************************/
void LCD_Init( void )
{
   2:	b508      	push	{r3, lr}
C:\Downloaded Files\Virtual-Com-2\Virtual-Com-2\Project\Virtual_COM_Port\RIDE\CircleOS\src/lcd_spe_IL9325.c:46
    Screen_Width  = APP_SCREEN_WIDTH;
   4:	23f0      	movs	r3, #240	; 0xf0
   6:	8013      	strh	r3, [r2, #0]
C:\Downloaded Files\Virtual-Com-2\Virtual-Com-2\Project\Virtual_COM_Port\RIDE\CircleOS\src/lcd_spe_IL9325.c:47
    Screen_Height = APP_SCREEN_HEIGHT;
   8:	4a12      	ldr	r2, [pc, #72]	; (54 <LCD_Init+0x54>)
C:\Downloaded Files\Virtual-Com-2\Virtual-Com-2\Project\Virtual_COM_Port\RIDE\CircleOS\src/lcd_spe_IL9325.c:50

    // Starting delay (for LCD startup)
    Delayms( 10 );
   a:	200a      	movs	r0, #10
C:\Downloaded Files\Virtual-Com-2\Virtual-Com-2\Project\Virtual_COM_Port\RIDE\CircleOS\src/lcd_spe_IL9325.c:47
**/
/******************************************************************************/
void LCD_Init( void )
{
    Screen_Width  = APP_SCREEN_WIDTH;
    Screen_Height = APP_SCREEN_HEIGHT;
   c:	8013      	strh	r3, [r2, #0]
C:\Downloaded Files\Virtual-Com-2\Virtual-Com-2\Project\Virtual_COM_Port\RIDE\CircleOS\src/lcd_spe_IL9325.c:50

    // Starting delay (for LCD startup)
    Delayms( 10 );
   e:	f7ff fffe 	bl	0 <Delayms>
C:\Downloaded Files\Virtual-Com-2\Virtual-Com-2\Project\Virtual_COM_Port\RIDE\CircleOS\src/lcd_spe_IL9325.c:53

    /* Configure microcontroller interface for LCD management */
    LCD_Interface_Init();
  12:	f7ff fffe 	bl	0 <LCD_Interface_Init>
C:\Downloaded Files\Virtual-Com-2\Virtual-Com-2\Project\Virtual_COM_Port\RIDE\CircleOS\src/lcd_spe_IL9325.c:55

    LCD_Reset();
  16:	f7ff fffe 	bl	0 <LCD_Reset>
C:\Downloaded Files\Virtual-Com-2\Virtual-Com-2\Project\Virtual_COM_Port\RIDE\CircleOS\src/lcd_spe_IL9325.c:57

    LCD_Controller_init();
  1a:	f7ff fffe 	bl	0 <LCD_Init>
C:\Downloaded Files\Virtual-Com-2\Virtual-Com-2\Project\Virtual_COM_Port\RIDE\CircleOS\src/lcd_spe_IL9325.c:59

    LCD_SetOffset( OFFSET_OFF );
  1e:	2000      	movs	r0, #0
  20:	f7ff fffe 	bl	0 <LCD_SetOffset>
C:\Downloaded Files\Virtual-Com-2\Virtual-Com-2\Project\Virtual_COM_Port\RIDE\CircleOS\src/lcd_spe_IL9325.c:60
    LCD_SetDefaultFont();
  24:	f7ff fffe 	bl	0 <LCD_SetDefaultFont>
C:\Downloaded Files\Virtual-Com-2\Virtual-Com-2\Project\Virtual_COM_Port\RIDE\CircleOS\src/lcd_spe_IL9325.c:61
    LCD_SetTransparency(0);
  28:	2000      	movs	r0, #0
  2a:	f7ff fffe 	bl	0 <LCD_SetTransparency>
C:\Downloaded Files\Virtual-Com-2\Virtual-Com-2\Project\Virtual_COM_Port\RIDE\CircleOS\src/lcd_spe_IL9325.c:63

    LCD_ClearAllScreen( RGB_WHITE );
  2e:	f64f 70ff 	movw	r0, #65535	; 0xffff
  32:	f7ff fffe 	bl	0 <LCD_ClearAllScreen>
C:\Downloaded Files\Virtual-Com-2\Virtual-Com-2\Project\Virtual_COM_Port\RIDE\CircleOS\src/lcd_spe_IL9325.c:67

    /* Init BackLight*/
#if BACKLIGHT_INTERFACE    
    LCD_SetBackLight( UTIL_ReadBackupRegister( BKP_BKLIGHT ) );
  36:	2003      	movs	r0, #3
  38:	f7ff fffe 	bl	0 <UTIL_ReadBackupRegister>
  3c:	f7ff fffe 	bl	0 <LCD_SetBackLight>
C:\Downloaded Files\Virtual-Com-2\Virtual-Com-2\Project\Virtual_COM_Port\RIDE\CircleOS\src/lcd_spe_IL9325.c:69
#endif    
    LCD_BackLightConfig();
  40:	f7ff fffe 	bl	0 <LCD_BackLightConfig>
C:\Downloaded Files\Virtual-Com-2\Virtual-Com-2\Project\Virtual_COM_Port\RIDE\CircleOS\src/lcd_spe_IL9325.c:71

    LCDStatus = LCD_CheckLCDStatus();    //for test
  44:	f7ff fffe 	bl	0 <LCD_Init>
  48:	4b03      	ldr	r3, [pc, #12]	; (58 <LCD_Init+0x58>)
  4a:	8018      	strh	r0, [r3, #0]
C:\Downloaded Files\Virtual-Com-2\Virtual-Com-2\Project\Virtual_COM_Port\RIDE\CircleOS\src/lcd_spe_IL9325.c:72
}
  4c:	bd08      	pop	{r3, pc}
  4e:	bf00      	nop
	...

Disassembly of section .text.LCD_Batt:

00000000 <LCD_Batt>:
LCD_Batt():
C:\Downloaded Files\Virtual-Com-2\Virtual-Com-2\Project\Virtual_COM_Port\RIDE\CircleOS\src/lcd_spe_IL9325.c:245
*
**/
/******************************************************************************/
void LCD_Batt( coord_t xBat, coord_t yBat, bool fDisplayTime, u16 BatState,
               u16* OldBatState, divider_t _div, coord_t* widthBat, coord_t* heightBat )
{
   0:	e92d 4ff7 	stmdb	sp!, {r0, r1, r2, r4, r5, r6, r7, r8, r9, sl, fp, lr}
   4:	4693      	mov	fp, r2
   6:	4682      	mov	sl, r0
   8:	4689      	mov	r9, r1
   a:	9f0e      	ldr	r7, [sp, #56]	; 0x38
   c:	9d0f      	ldr	r5, [sp, #60]	; 0x3c
C:\Downloaded Files\Virtual-Com-2\Virtual-Com-2\Project\Virtual_COM_Port\RIDE\CircleOS\src/lcd_spe_IL9325.c:248
    color_t bat_color;
    static counter_t last_time = 0;
    counter_t new_time = RTC_GetCounter();
   e:	f7ff fffe 	bl	0 <RTC_GetCounter>
C:\Downloaded Files\Virtual-Com-2\Virtual-Com-2\Project\Virtual_COM_Port\RIDE\CircleOS\src/lcd_spe_IL9325.c:256

    UNREFERENCED_PARAMETER( BatState );
    UNREFERENCED_PARAMETER( OldBatState );
    UNREFERENCED_PARAMETER( _div );

    if (( fDisplayTime == 1 ) && ( last_time != new_time ) )
  12:	f1bb 0f01 	cmp.w	fp, #1
  16:	f040 8091 	bne.w	13c <LCD_Batt+0x13c>
  1a:	4b4a      	ldr	r3, [pc, #296]	; (144 <LCD_Batt+0x144>)
  1c:	685a      	ldr	r2, [r3, #4]
  1e:	4282      	cmp	r2, r0
  20:	f000 808c 	beq.w	13c <LCD_Batt+0x13c>
C:\Downloaded Files\Virtual-Com-2\Virtual-Com-2\Project\Virtual_COM_Port\RIDE\CircleOS\src/lcd_spe_IL9325.c:259
    {
        last_time = new_time;
        switch ( PWR_CurrentState )
  24:	4948      	ldr	r1, [pc, #288]	; (148 <LCD_Batt+0x148>)
C:\Downloaded Files\Virtual-Com-2\Virtual-Com-2\Project\Virtual_COM_Port\RIDE\CircleOS\src/lcd_spe_IL9325.c:258
    UNREFERENCED_PARAMETER( OldBatState );
    UNREFERENCED_PARAMETER( _div );

    if (( fDisplayTime == 1 ) && ( last_time != new_time ) )
    {
        last_time = new_time;
  26:	6058      	str	r0, [r3, #4]
C:\Downloaded Files\Virtual-Com-2\Virtual-Com-2\Project\Virtual_COM_Port\RIDE\CircleOS\src/lcd_spe_IL9325.c:259
        switch ( PWR_CurrentState )
  28:	780b      	ldrb	r3, [r1, #0]
  2a:	468b      	mov	fp, r1
  2c:	1e5a      	subs	r2, r3, #1
  2e:	2a06      	cmp	r2, #6
  30:	d828      	bhi.n	84 <LCD_Batt+0x84>
  32:	e8df f002 	tbb	[pc, r2]
  36:	0483      	.short	0x0483
  38:	1c16100a 	.word	0x1c16100a
  3c:	23          	.byte	0x23
  3d:	00          	.byte	0x00
C:\Downloaded Files\Virtual-Com-2\Virtual-Com-2\Project\Virtual_COM_Port\RIDE\CircleOS\src/lcd_spe_IL9325.c:267
            return;

        case PWR_STATE_NOBAT:
            bat_color = RGB_PINK;
            fill = 100;
            fBlink = TRUE;
  3e:	f04f 0801 	mov.w	r8, #1
C:\Downloaded Files\Virtual-Com-2\Virtual-Com-2\Project\Virtual_COM_Port\RIDE\CircleOS\src/lcd_spe_IL9325.c:266
        case PWR_STATE_UNDEF:
            return;

        case PWR_STATE_NOBAT:
            bat_color = RGB_PINK;
            fill = 100;
  42:	2664      	movs	r6, #100	; 0x64
C:\Downloaded Files\Virtual-Com-2\Virtual-Com-2\Project\Virtual_COM_Port\RIDE\CircleOS\src/lcd_spe_IL9325.c:265
        {
        case PWR_STATE_UNDEF:
            return;

        case PWR_STATE_NOBAT:
            bat_color = RGB_PINK;
  44:	f64f 74f9 	movw	r4, #65529	; 0xfff9
  48:	e01c      	b.n	84 <LCD_Batt+0x84>
C:\Downloaded Files\Virtual-Com-2\Virtual-Com-2\Project\Virtual_COM_Port\RIDE\CircleOS\src/lcd_spe_IL9325.c:273
            break;

        case PWR_STATE_CHARGING:
            bat_color = RGB_BLUE;
            fill = 50;
            fBlink = TRUE;
  4a:	f04f 0801 	mov.w	r8, #1
C:\Downloaded Files\Virtual-Com-2\Virtual-Com-2\Project\Virtual_COM_Port\RIDE\CircleOS\src/lcd_spe_IL9325.c:272
            fBlink = TRUE;
            break;

        case PWR_STATE_CHARGING:
            bat_color = RGB_BLUE;
            fill = 50;
  4e:	2632      	movs	r6, #50	; 0x32
C:\Downloaded Files\Virtual-Com-2\Virtual-Com-2\Project\Virtual_COM_Port\RIDE\CircleOS\src/lcd_spe_IL9325.c:271
            fill = 100;
            fBlink = TRUE;
            break;

        case PWR_STATE_CHARGING:
            bat_color = RGB_BLUE;
  50:	f44f 54f8 	mov.w	r4, #7936	; 0x1f00
C:\Downloaded Files\Virtual-Com-2\Virtual-Com-2\Project\Virtual_COM_Port\RIDE\CircleOS\src/lcd_spe_IL9325.c:274
            fill = 50;
            fBlink = TRUE;
            break;
  54:	e016      	b.n	84 <LCD_Batt+0x84>
C:\Downloaded Files\Virtual-Com-2\Virtual-Com-2\Project\Virtual_COM_Port\RIDE\CircleOS\src/lcd_spe_IL9325.c:279

        case PWR_STATE_FULL:
            bat_color = RGB_GREEN;
            fill = 100;
            fBlink = FALSE;
  56:	f04f 0800 	mov.w	r8, #0
C:\Downloaded Files\Virtual-Com-2\Virtual-Com-2\Project\Virtual_COM_Port\RIDE\CircleOS\src/lcd_spe_IL9325.c:278
            fBlink = TRUE;
            break;

        case PWR_STATE_FULL:
            bat_color = RGB_GREEN;
            fill = 100;
  5a:	2664      	movs	r6, #100	; 0x64
C:\Downloaded Files\Virtual-Com-2\Virtual-Com-2\Project\Virtual_COM_Port\RIDE\CircleOS\src/lcd_spe_IL9325.c:277
            fill = 50;
            fBlink = TRUE;
            break;

        case PWR_STATE_FULL:
            bat_color = RGB_GREEN;
  5c:	f24e 0407 	movw	r4, #57351	; 0xe007
C:\Downloaded Files\Virtual-Com-2\Virtual-Com-2\Project\Virtual_COM_Port\RIDE\CircleOS\src/lcd_spe_IL9325.c:280
            fill = 100;
            fBlink = FALSE;
            break;
  60:	e010      	b.n	84 <LCD_Batt+0x84>
C:\Downloaded Files\Virtual-Com-2\Virtual-Com-2\Project\Virtual_COM_Port\RIDE\CircleOS\src/lcd_spe_IL9325.c:285

        case PWR_STATE_NORMAL:
            bat_color = RGB_BLACK;
            fBlink = FALSE;
            fill = PWR_BatteryLevel;
  62:	4a3a      	ldr	r2, [pc, #232]	; (14c <LCD_Batt+0x14c>)
C:\Downloaded Files\Virtual-Com-2\Virtual-Com-2\Project\Virtual_COM_Port\RIDE\CircleOS\src/lcd_spe_IL9325.c:284
            fBlink = FALSE;
            break;

        case PWR_STATE_NORMAL:
            bat_color = RGB_BLACK;
            fBlink = FALSE;
  64:	f04f 0800 	mov.w	r8, #0
C:\Downloaded Files\Virtual-Com-2\Virtual-Com-2\Project\Virtual_COM_Port\RIDE\CircleOS\src/lcd_spe_IL9325.c:285
            fill = PWR_BatteryLevel;
  68:	7816      	ldrb	r6, [r2, #0]
C:\Downloaded Files\Virtual-Com-2\Virtual-Com-2\Project\Virtual_COM_Port\RIDE\CircleOS\src/lcd_spe_IL9325.c:283
            fill = 100;
            fBlink = FALSE;
            break;

        case PWR_STATE_NORMAL:
            bat_color = RGB_BLACK;
  6a:	4644      	mov	r4, r8
C:\Downloaded Files\Virtual-Com-2\Virtual-Com-2\Project\Virtual_COM_Port\RIDE\CircleOS\src/lcd_spe_IL9325.c:286
            fBlink = FALSE;
            fill = PWR_BatteryLevel;
            break;
  6c:	e00a      	b.n	84 <LCD_Batt+0x84>
C:\Downloaded Files\Virtual-Com-2\Virtual-Com-2\Project\Virtual_COM_Port\RIDE\CircleOS\src/lcd_spe_IL9325.c:291

        case PWR_STATE_LOW:
            bat_color = RGB_YELLOW;
            fBlink = TRUE;
            fill = PWR_BatteryLevel;
  6e:	4a37      	ldr	r2, [pc, #220]	; (14c <LCD_Batt+0x14c>)
C:\Downloaded Files\Virtual-Com-2\Virtual-Com-2\Project\Virtual_COM_Port\RIDE\CircleOS\src/lcd_spe_IL9325.c:290
            fill = PWR_BatteryLevel;
            break;

        case PWR_STATE_LOW:
            bat_color = RGB_YELLOW;
            fBlink = TRUE;
  70:	f04f 0801 	mov.w	r8, #1
C:\Downloaded Files\Virtual-Com-2\Virtual-Com-2\Project\Virtual_COM_Port\RIDE\CircleOS\src/lcd_spe_IL9325.c:291
            fill = PWR_BatteryLevel;
  74:	7816      	ldrb	r6, [r2, #0]
C:\Downloaded Files\Virtual-Com-2\Virtual-Com-2\Project\Virtual_COM_Port\RIDE\CircleOS\src/lcd_spe_IL9325.c:289
            fBlink = FALSE;
            fill = PWR_BatteryLevel;
            break;

        case PWR_STATE_LOW:
            bat_color = RGB_YELLOW;
  76:	f24e 04ff 	movw	r4, #57599	; 0xe0ff
C:\Downloaded Files\Virtual-Com-2\Virtual-Com-2\Project\Virtual_COM_Port\RIDE\CircleOS\src/lcd_spe_IL9325.c:292
            fBlink = TRUE;
            fill = PWR_BatteryLevel;
            break;
  7a:	e003      	b.n	84 <LCD_Batt+0x84>
C:\Downloaded Files\Virtual-Com-2\Virtual-Com-2\Project\Virtual_COM_Port\RIDE\CircleOS\src/lcd_spe_IL9325.c:297

        case PWR_STATE_EMPTY:
            bat_color = RGB_RED;
            fill = 100;
            fBlink = TRUE;
  7c:	f04f 0801 	mov.w	r8, #1
C:\Downloaded Files\Virtual-Com-2\Virtual-Com-2\Project\Virtual_COM_Port\RIDE\CircleOS\src/lcd_spe_IL9325.c:296
            fill = PWR_BatteryLevel;
            break;

        case PWR_STATE_EMPTY:
            bat_color = RGB_RED;
            fill = 100;
  80:	2664      	movs	r6, #100	; 0x64
C:\Downloaded Files\Virtual-Com-2\Virtual-Com-2\Project\Virtual_COM_Port\RIDE\CircleOS\src/lcd_spe_IL9325.c:295
            fBlink = TRUE;
            fill = PWR_BatteryLevel;
            break;

        case PWR_STATE_EMPTY:
            bat_color = RGB_RED;
  82:	24f8      	movs	r4, #248	; 0xf8
C:\Downloaded Files\Virtual-Com-2\Virtual-Com-2\Project\Virtual_COM_Port\RIDE\CircleOS\src/lcd_spe_IL9325.c:301
            fill = 100;
            fBlink = TRUE;
            break;
        }

        *widthBat = ( 20 * fill ) / 100;
  84:	2205      	movs	r2, #5
  86:	fb96 f2f2 	sdiv	r2, r6, r2
C:\Downloaded Files\Virtual-Com-2\Virtual-Com-2\Project\Virtual_COM_Port\RIDE\CircleOS\src/lcd_spe_IL9325.c:298

        case PWR_STATE_EMPTY:
            bat_color = RGB_RED;
            fill = 100;
            fBlink = TRUE;
            break;
  8a:	b212      	sxth	r2, r2
  8c:	2a14      	cmp	r2, #20
  8e:	bfa8      	it	ge
  90:	2214      	movge	r2, #20
  92:	b292      	uxth	r2, r2
  94:	803a      	strh	r2, [r7, #0]
  96:	fa1f f68a 	uxth.w	r6, sl
C:\Downloaded Files\Virtual-Com-2\Virtual-Com-2\Project\Virtual_COM_Port\RIDE\CircleOS\src/lcd_spe_IL9325.c:308
        if ( *widthBat > 20 )
        {
            *widthBat = 20;
        }

        if ( fBlink && ( new_time & 1 ) )
  9a:	f1b8 0f00 	cmp.w	r8, #0
  9e:	d024      	beq.n	ea <LCD_Batt+0xea>
  a0:	f010 0f01 	tst.w	r0, #1
  a4:	d021      	beq.n	ea <LCD_Batt+0xea>
C:\Downloaded Files\Virtual-Com-2\Virtual-Com-2\Project\Virtual_COM_Port\RIDE\CircleOS\src/lcd_spe_IL9325.c:310
        {
            LCD_FillRect_Circle(( xBat + 22 ) - *widthBat , yBat + 2 , *widthBat , *heightBat , ( PWR_CurrentState == PWR_STATE_LOW ) ? bat_color : RGB_WHITE );
  a6:	f64f 78ff 	movw	r8, #65535	; 0xffff
  aa:	f106 0016 	add.w	r0, r6, #22
  ae:	f109 0902 	add.w	r9, r9, #2
  b2:	2b06      	cmp	r3, #6
  b4:	bf0c      	ite	eq
  b6:	4621      	moveq	r1, r4
  b8:	4641      	movne	r1, r8
  ba:	1a80      	subs	r0, r0, r2
  bc:	fa0f f989 	sxth.w	r9, r9
  c0:	f9b5 3000 	ldrsh.w	r3, [r5]
  c4:	b200      	sxth	r0, r0
  c6:	9100      	str	r1, [sp, #0]
  c8:	b212      	sxth	r2, r2
  ca:	4649      	mov	r1, r9
  cc:	f7ff fffe 	bl	0 <LCD_FillRect_Circle>
C:\Downloaded Files\Virtual-Com-2\Virtual-Com-2\Project\Virtual_COM_Port\RIDE\CircleOS\src/lcd_spe_IL9325.c:311
            LCD_FillRect_Circle( xBat + 2 , yBat + 2 , 20 - *widthBat , *heightBat , ( PWR_CurrentState == PWR_STATE_LOW ) ? bat_color : RGB_WHITE );
  d0:	f89b 3000 	ldrb.w	r3, [fp]
  d4:	883a      	ldrh	r2, [r7, #0]
  d6:	2b06      	cmp	r3, #6
  d8:	bf18      	it	ne
  da:	4644      	movne	r4, r8
  dc:	1cb0      	adds	r0, r6, #2
  de:	f9b5 3000 	ldrsh.w	r3, [r5]
  e2:	f1c2 0214 	rsb	r2, r2, #20
  e6:	940c      	str	r4, [sp, #48]	; 0x30
  e8:	e020      	b.n	12c <LCD_Batt+0x12c>
C:\Downloaded Files\Virtual-Com-2\Virtual-Com-2\Project\Virtual_COM_Port\RIDE\CircleOS\src/lcd_spe_IL9325.c:315
        }
        else
        {
            LCD_FillRect_Circle(( xBat + 22 ) - *widthBat , yBat + 2 , *widthBat , *heightBat , ( PWR_CurrentState == PWR_STATE_LOW ) ? RGB_WHITE : bat_color );
  ea:	f106 0016 	add.w	r0, r6, #22
  ee:	f109 0902 	add.w	r9, r9, #2
  f2:	1a80      	subs	r0, r0, r2
  f4:	f64f 78ff 	movw	r8, #65535	; 0xffff
  f8:	fa0f f989 	sxth.w	r9, r9
  fc:	2b06      	cmp	r3, #6
  fe:	bf08      	it	eq
 100:	4644      	moveq	r4, r8
 102:	b200      	sxth	r0, r0
 104:	f9b5 3000 	ldrsh.w	r3, [r5]
 108:	4649      	mov	r1, r9
 10a:	b212      	sxth	r2, r2
 10c:	9400      	str	r4, [sp, #0]
 10e:	f7ff fffe 	bl	0 <LCD_FillRect_Circle>
C:\Downloaded Files\Virtual-Com-2\Virtual-Com-2\Project\Virtual_COM_Port\RIDE\CircleOS\src/lcd_spe_IL9325.c:316
            LCD_FillRect_Circle( xBat + 2 , yBat + 2 , 20 - *widthBat , *heightBat , ( PWR_CurrentState == PWR_STATE_LOW ) ? RGB_RED : RGB_WHITE );
 112:	f89b 1000 	ldrb.w	r1, [fp]
 116:	883a      	ldrh	r2, [r7, #0]
 118:	2906      	cmp	r1, #6
 11a:	bf14      	ite	ne
 11c:	4641      	movne	r1, r8
 11e:	21f8      	moveq	r1, #248	; 0xf8
 120:	f9b5 3000 	ldrsh.w	r3, [r5]
 124:	1cb0      	adds	r0, r6, #2
 126:	f1c2 0214 	rsb	r2, r2, #20
 12a:	910c      	str	r1, [sp, #48]	; 0x30
 12c:	b200      	sxth	r0, r0
 12e:	4649      	mov	r1, r9
 130:	b212      	sxth	r2, r2
C:\Downloaded Files\Virtual-Com-2\Virtual-Com-2\Project\Virtual_COM_Port\RIDE\CircleOS\src/lcd_spe_IL9325.c:319
        }
    }
}
 132:	b003      	add	sp, #12
 134:	e8bd 4ff0 	ldmia.w	sp!, {r4, r5, r6, r7, r8, r9, sl, fp, lr}
C:\Downloaded Files\Virtual-Com-2\Virtual-Com-2\Project\Virtual_COM_Port\RIDE\CircleOS\src/lcd_spe_IL9325.c:316
            LCD_FillRect_Circle( xBat + 2 , yBat + 2 , 20 - *widthBat , *heightBat , ( PWR_CurrentState == PWR_STATE_LOW ) ? bat_color : RGB_WHITE );
        }
        else
        {
            LCD_FillRect_Circle(( xBat + 22 ) - *widthBat , yBat + 2 , *widthBat , *heightBat , ( PWR_CurrentState == PWR_STATE_LOW ) ? RGB_WHITE : bat_color );
            LCD_FillRect_Circle( xBat + 2 , yBat + 2 , 20 - *widthBat , *heightBat , ( PWR_CurrentState == PWR_STATE_LOW ) ? RGB_RED : RGB_WHITE );
 138:	f7ff bffe 	b.w	0 <LCD_FillRect_Circle>
C:\Downloaded Files\Virtual-Com-2\Virtual-Com-2\Project\Virtual_COM_Port\RIDE\CircleOS\src/lcd_spe_IL9325.c:319
        }
    }
}
 13c:	b003      	add	sp, #12
 13e:	e8bd 8ff0 	ldmia.w	sp!, {r4, r5, r6, r7, r8, r9, sl, fp, pc}
 142:	bf00      	nop
	...

Disassembly of section .text.LCD_Clear:

00000000 <LCD_Clear>:
LCD_Clear():
C:\Downloaded Files\Virtual-Com-2\Virtual-Com-2\Project\Virtual_COM_Port\RIDE\CircleOS\src/lcd_spe_IL9325.c:332
*   Draw the battery and the toolbar
*
**/
/******************************************************************************/
void LCD_Clear( u16 xBat, u16  yBat )
{
   0:	b510      	push	{r4, lr}
C:\Downloaded Files\Virtual-Com-2\Virtual-Com-2\Project\Virtual_COM_Port\RIDE\CircleOS\src/lcd_spe_IL9325.c:337
    UNREFERENCED_PARAMETER( xBat );
    UNREFERENCED_PARAMETER( yBat );

#if TOUCHSCREEN_AVAIL
    if ( TOUCHSCR_GetMode() != TS_CALIBRATION )
   2:	f7ff fffe 	bl	0 <TOUCHSCR_GetMode>
   6:	2802      	cmp	r0, #2
   8:	d002      	beq.n	10 <LCD_Clear+0x10>
C:\Downloaded Files\Virtual-Com-2\Virtual-Com-2\Project\Virtual_COM_Port\RIDE\CircleOS\src/lcd_spe_IL9325.c:339
    {
        TOUCHSCR_SetMode( TS_DRAWING );
   a:	2001      	movs	r0, #1
   c:	f7ff fffe 	bl	0 <TOUCHSCR_SetMode>
C:\Downloaded Files\Virtual-Com-2\Virtual-Com-2\Project\Virtual_COM_Port\RIDE\CircleOS\src/lcd_spe_IL9325.c:343
    }
#endif

    DRAW_Batt();
  10:	f7ff fffe 	bl	0 <DRAW_Batt>
C:\Downloaded Files\Virtual-Com-2\Virtual-Com-2\Project\Virtual_COM_Port\RIDE\CircleOS\src/lcd_spe_IL9325.c:348

#if TOUCHSCREEN_AVAIL
    TOOLBAR_SetDefaultToolbar();
#endif
}
  14:	e8bd 4010 	ldmia.w	sp!, {r4, lr}
C:\Downloaded Files\Virtual-Com-2\Virtual-Com-2\Project\Virtual_COM_Port\RIDE\CircleOS\src/lcd_spe_IL9325.c:346
#endif

    DRAW_Batt();

#if TOUCHSCREEN_AVAIL
    TOOLBAR_SetDefaultToolbar();
  18:	f7ff bffe 	b.w	0 <TOOLBAR_SetDefaultToolbar>

Disassembly of section .text.LCD_DisplayRotate:

00000000 <LCD_DisplayRotate>:
LCD_DisplayRotate():
C:\Downloaded Files\Virtual-Com-2\Virtual-Com-2\Project\Virtual_COM_Port\RIDE\CircleOS\src/lcd_spe_IL9325.c:363
*  @param[in]  H12 The new screen orientation.
*
**/
/******************************************************************************/
void LCD_DisplayRotate( Rotate_H12_V_Match_TypeDef H12 )
{
   0:	b510      	push	{r4, lr}
   2:	4604      	mov	r4, r0
C:\Downloaded Files\Virtual-Com-2\Virtual-Com-2\Project\Virtual_COM_Port\RIDE\CircleOS\src/lcd_spe_IL9325.c:366

    /* Memory Access Control */
    LCD_SendLCDCmd_Rotation_Access();
   4:	f7ff fffe 	bl	0 <LCD_SendLCDCmd_Rotation_Access>
C:\Downloaded Files\Virtual-Com-2\Virtual-Com-2\Project\Virtual_COM_Port\RIDE\CircleOS\src/lcd_spe_IL9325.c:369

    // Apply desired direction
    switch ( H12 )
   8:	1e60      	subs	r0, r4, #1
   a:	2806      	cmp	r0, #6
   c:	d80e      	bhi.n	2c <LCD_DisplayRotate+0x2c>
   e:	e8df f000 	tbb	[pc, r0]
  12:	0704      	.short	0x0704
  14:	1613100a 	.word	0x1613100a
  18:	19          	.byte	0x19
  19:	00          	.byte	0x00
C:\Downloaded Files\Virtual-Com-2\Virtual-Com-2\Project\Virtual_COM_Port\RIDE\CircleOS\src/lcd_spe_IL9325.c:372
    {
    case V3  :
        LCD_SendLCDData16( V3_MADCTRVAL >> 8, V3_MADCTRVAL & 0xFF );
  1a:	2010      	movs	r0, #16
  1c:	2130      	movs	r1, #48	; 0x30
  1e:	e013      	b.n	48 <LCD_DisplayRotate+0x48>
C:\Downloaded Files\Virtual-Com-2\Virtual-Com-2\Project\Virtual_COM_Port\RIDE\CircleOS\src/lcd_spe_IL9325.c:377

        break;

    case V6  :
        LCD_SendLCDData16( V6_MADCTRVAL >> 8, V6_MADCTRVAL & 0xFF );
  20:	2010      	movs	r0, #16
  22:	2118      	movs	r1, #24
  24:	e010      	b.n	48 <LCD_DisplayRotate+0x48>
C:\Downloaded Files\Virtual-Com-2\Virtual-Com-2\Project\Virtual_COM_Port\RIDE\CircleOS\src/lcd_spe_IL9325.c:382

        break;

    case V9  :
        LCD_SendLCDData16( V9_MADCTRVAL >> 8, V9_MADCTRVAL & 0xFF );
  26:	2010      	movs	r0, #16
  28:	2100      	movs	r1, #0
  2a:	e00d      	b.n	48 <LCD_DisplayRotate+0x48>
C:\Downloaded Files\Virtual-Com-2\Virtual-Com-2\Project\Virtual_COM_Port\RIDE\CircleOS\src/lcd_spe_IL9325.c:388

        break;

    case V12 :
    default  :
        LCD_SendLCDData16( V12_MADCTRVAL >> 8, V12_MADCTRVAL & 0xFF );
  2c:	2010      	movs	r0, #16
  2e:	2128      	movs	r1, #40	; 0x28
  30:	e00a      	b.n	48 <LCD_DisplayRotate+0x48>
C:\Downloaded Files\Virtual-Com-2\Virtual-Com-2\Project\Virtual_COM_Port\RIDE\CircleOS\src/lcd_spe_IL9325.c:392
        break;

    case V12BMP :
        LCD_SendLCDData16( V12BMP_MADCTRVAL >> 8, V12BMP_MADCTRVAL & 0xFF );
  32:	2010      	movs	r0, #16
  34:	2120      	movs	r1, #32
  36:	e007      	b.n	48 <LCD_DisplayRotate+0x48>
C:\Downloaded Files\Virtual-Com-2\Virtual-Com-2\Project\Virtual_COM_Port\RIDE\CircleOS\src/lcd_spe_IL9325.c:397

        break;

    case V3BMP :
        LCD_SendLCDData16( V3BMP_MADCTRVAL >> 8, V3BMP_MADCTRVAL & 0xFF );
  38:	2010      	movs	r0, #16
  3a:	2138      	movs	r1, #56	; 0x38
  3c:	e004      	b.n	48 <LCD_DisplayRotate+0x48>
C:\Downloaded Files\Virtual-Com-2\Virtual-Com-2\Project\Virtual_COM_Port\RIDE\CircleOS\src/lcd_spe_IL9325.c:402

        break;

    case V6BMP :
        LCD_SendLCDData16( V6BMP_MADCTRVAL >> 8, V6BMP_MADCTRVAL & 0xFF );
  3e:	2010      	movs	r0, #16
  40:	4601      	mov	r1, r0
  42:	e001      	b.n	48 <LCD_DisplayRotate+0x48>
C:\Downloaded Files\Virtual-Com-2\Virtual-Com-2\Project\Virtual_COM_Port\RIDE\CircleOS\src/lcd_spe_IL9325.c:407

        break;

    case V9BMP :
        LCD_SendLCDData16( V9BMP_MADCTRVAL >> 8, V9BMP_MADCTRVAL & 0xFF );
  44:	2010      	movs	r0, #16
  46:	2108      	movs	r1, #8
C:\Downloaded Files\Virtual-Com-2\Virtual-Com-2\Project\Virtual_COM_Port\RIDE\CircleOS\src/lcd_spe_IL9325.c:410
        break;
    }
}
  48:	e8bd 4010 	ldmia.w	sp!, {r4, lr}
C:\Downloaded Files\Virtual-Com-2\Virtual-Com-2\Project\Virtual_COM_Port\RIDE\CircleOS\src/lcd_spe_IL9325.c:407
        LCD_SendLCDData16( V6BMP_MADCTRVAL >> 8, V6BMP_MADCTRVAL & 0xFF );

        break;

    case V9BMP :
        LCD_SendLCDData16( V9BMP_MADCTRVAL >> 8, V9BMP_MADCTRVAL & 0xFF );
  4c:	f7ff bffe 	b.w	0 <LCD_SendLCDData16>

Disassembly of section .text.LCD_RectRead:

00000000 <LCD_RectRead>:
LCD_RectRead():
C:\Downloaded Files\Virtual-Com-2\Virtual-Com-2\Project\Virtual_COM_Port\RIDE\CircleOS\src/lcd_spe_IL9325.c:437
*  @warning    The (0x0) point in on the low left corner.
*
**/
/******************************************************************************/
void LCD_RectRead( coord_t x, coord_t y, coord_t width, coord_t height, u8* bmp )
{
   0:	47f0e92d 	.word	0x47f0e92d
   4:	461e      	mov	r6, r3
C:\Downloaded Files\Virtual-Com-2\Virtual-Com-2\Project\Virtual_COM_Port\RIDE\CircleOS\src/lcd_spe_IL9325.c:442
    u32 line, col;
    u16 col0, line0;

    // Reading pixel / pixel
    switch ( CurrentScreenOrientation )
   6:	4b62      	ldr	r3, [pc, #392]	; (190 <LCD_RectRead+0x190>)
C:\Downloaded Files\Virtual-Com-2\Virtual-Com-2\Project\Virtual_COM_Port\RIDE\CircleOS\src/lcd_spe_IL9325.c:437
*  @warning    The (0x0) point in on the low left corner.
*
**/
/******************************************************************************/
void LCD_RectRead( coord_t x, coord_t y, coord_t width, coord_t height, u8* bmp )
{
   8:	460d      	mov	r5, r1
C:\Downloaded Files\Virtual-Com-2\Virtual-Com-2\Project\Virtual_COM_Port\RIDE\CircleOS\src/lcd_spe_IL9325.c:442
    u32 line, col;
    u16 col0, line0;

    // Reading pixel / pixel
    switch ( CurrentScreenOrientation )
   a:	781b      	ldrb	r3, [r3, #0]
C:\Downloaded Files\Virtual-Com-2\Virtual-Com-2\Project\Virtual_COM_Port\RIDE\CircleOS\src/lcd_spe_IL9325.c:437
*  @warning    The (0x0) point in on the low left corner.
*
**/
/******************************************************************************/
void LCD_RectRead( coord_t x, coord_t y, coord_t width, coord_t height, u8* bmp )
{
   c:	4614      	mov	r4, r2
C:\Downloaded Files\Virtual-Com-2\Virtual-Com-2\Project\Virtual_COM_Port\RIDE\CircleOS\src/lcd_spe_IL9325.c:442
    u32 line, col;
    u16 col0, line0;

    // Reading pixel / pixel
    switch ( CurrentScreenOrientation )
   e:	2b03      	cmp	r3, #3
  10:	f200 80bc 	bhi.w	18c <LCD_RectRead+0x18c>
  14:	e8df f003 	tbb	[pc, r3]
  18:	8a5d3202 	.word	0x8a5d3202
C:\Downloaded Files\Virtual-Com-2\Virtual-Com-2\Project\Virtual_COM_Port\RIDE\CircleOS\src/lcd_spe_IL9325.c:446
    {
    case V12:
        // Read pixels from LCD screen
        col0 = Screen_Width - x - 1 + LCD_Offset;
  1c:	4b5d      	ldr	r3, [pc, #372]	; (194 <LCD_RectRead+0x194>)
  1e:	4a5e      	ldr	r2, [pc, #376]	; (198 <LCD_RectRead+0x198>)
  20:	781b      	ldrb	r3, [r3, #0]
  22:	f8b2 8000 	ldrh.w	r8, [r2]
C:\Downloaded Files\Virtual-Com-2\Virtual-Com-2\Project\Virtual_COM_Port\RIDE\CircleOS\src/lcd_spe_IL9325.c:447
        line0 = y + LCD_Offset;
  26:	185d      	adds	r5, r3, r1
C:\Downloaded Files\Virtual-Com-2\Virtual-Com-2\Project\Virtual_COM_Port\RIDE\CircleOS\src/lcd_spe_IL9325.c:446
    // Reading pixel / pixel
    switch ( CurrentScreenOrientation )
    {
    case V12:
        // Read pixels from LCD screen
        col0 = Screen_Width - x - 1 + LCD_Offset;
  28:	4498      	add	r8, r3
  2a:	f108 38ff 	add.w	r8, r8, #4294967295
  2e:	ebc0 0008 	rsb	r0, r0, r8
  32:	fa1f f880 	uxth.w	r8, r0
C:\Downloaded Files\Virtual-Com-2\Virtual-Com-2\Project\Virtual_COM_Port\RIDE\CircleOS\src/lcd_spe_IL9325.c:447
        line0 = y + LCD_Offset;
  36:	b2ad      	uxth	r5, r5
C:\Downloaded Files\Virtual-Com-2\Virtual-Com-2\Project\Virtual_COM_Port\RIDE\CircleOS\src/lcd_spe_IL9325.c:448
        for ( col = 0; col < width; col++ )
  38:	2700      	movs	r7, #0
  3a:	e01b      	b.n	74 <LCD_RectRead+0x74>
C:\Downloaded Files\Virtual-Com-2\Virtual-Com-2\Project\Virtual_COM_Port\RIDE\CircleOS\src/lcd_spe_IL9325.c:451
        {
            // Current GRAM horizontal position
            LCD_Write_Reg( ILI9325_GRAM_HADDR, col0 - col );
  3c:	2020      	movs	r0, #32
  3e:	4641      	mov	r1, r8
  40:	f7ff fffe 	bl	0 <LCD_Write_Reg>
C:\Downloaded Files\Virtual-Com-2\Virtual-Com-2\Project\Virtual_COM_Port\RIDE\CircleOS\src/lcd_spe_IL9325.c:453

            for ( line = 0; line < height; line++ )
  44:	46aa      	mov	sl, r5
  46:	f04f 0900 	mov.w	r9, #0
  4a:	e00c      	b.n	66 <LCD_RectRead+0x66>
C:\Downloaded Files\Virtual-Com-2\Virtual-Com-2\Project\Virtual_COM_Port\RIDE\CircleOS\src/lcd_spe_IL9325.c:456
            {
                // Current GRAM Vertical position
                LCD_Write_Reg( ILI9325_GRAM_VADDR, line0 + line );
  4c:	4651      	mov	r1, sl
  4e:	2021      	movs	r0, #33	; 0x21
  50:	f7ff fffe 	bl	0 <LCD_Write_Reg>
C:\Downloaded Files\Virtual-Com-2\Virtual-Com-2\Project\Virtual_COM_Port\RIDE\CircleOS\src/lcd_spe_IL9325.c:459

                // Read pixel 2 bytes
                LCD_PixelRead( &bmp );
  54:	a808      	add	r0, sp, #32
  56:	f7ff fffe 	bl	0 <LCD_PixelRead>
C:\Downloaded Files\Virtual-Com-2\Virtual-Com-2\Project\Virtual_COM_Port\RIDE\CircleOS\src/lcd_spe_IL9325.c:453
        for ( col = 0; col < width; col++ )
        {
            // Current GRAM horizontal position
            LCD_Write_Reg( ILI9325_GRAM_HADDR, col0 - col );

            for ( line = 0; line < height; line++ )
  5a:	f10a 0a01 	add.w	sl, sl, #1
  5e:	f109 0901 	add.w	r9, r9, #1
  62:	fa1f fa8a 	uxth.w	sl, sl
  66:	45b1      	cmp	r9, r6
  68:	d3f0      	bcc.n	4c <LCD_RectRead+0x4c>
C:\Downloaded Files\Virtual-Com-2\Virtual-Com-2\Project\Virtual_COM_Port\RIDE\CircleOS\src/lcd_spe_IL9325.c:448
    {
    case V12:
        // Read pixels from LCD screen
        col0 = Screen_Width - x - 1 + LCD_Offset;
        line0 = y + LCD_Offset;
        for ( col = 0; col < width; col++ )
  6a:	f108 38ff 	add.w	r8, r8, #4294967295
  6e:	3701      	adds	r7, #1
  70:	fa1f f888 	uxth.w	r8, r8
  74:	42a7      	cmp	r7, r4
  76:	d3e1      	bcc.n	3c <LCD_RectRead+0x3c>
  78:	e8bd 87f0 	ldmia.w	sp!, {r4, r5, r6, r7, r8, r9, sl, pc}
C:\Downloaded Files\Virtual-Com-2\Virtual-Com-2\Project\Virtual_COM_Port\RIDE\CircleOS\src/lcd_spe_IL9325.c:466
        }
        break;

    case V3:
        // Read pixels from LCD screen
        col0 = y + LCD_Offset;
  7c:	4b45      	ldr	r3, [pc, #276]	; (194 <LCD_RectRead+0x194>)
C:\Downloaded Files\Virtual-Com-2\Virtual-Com-2\Project\Virtual_COM_Port\RIDE\CircleOS\src/lcd_spe_IL9325.c:468
        line0 = x + LCD_Offset;
        for ( line = 0; line < width; line++ )
  7e:	2700      	movs	r7, #0
C:\Downloaded Files\Virtual-Com-2\Virtual-Com-2\Project\Virtual_COM_Port\RIDE\CircleOS\src/lcd_spe_IL9325.c:466
        }
        break;

    case V3:
        // Read pixels from LCD screen
        col0 = y + LCD_Offset;
  80:	f893 8000 	ldrb.w	r8, [r3]
  84:	eb08 0501 	add.w	r5, r8, r1
C:\Downloaded Files\Virtual-Com-2\Virtual-Com-2\Project\Virtual_COM_Port\RIDE\CircleOS\src/lcd_spe_IL9325.c:467
        line0 = x + LCD_Offset;
  88:	4480      	add	r8, r0
C:\Downloaded Files\Virtual-Com-2\Virtual-Com-2\Project\Virtual_COM_Port\RIDE\CircleOS\src/lcd_spe_IL9325.c:466
        }
        break;

    case V3:
        // Read pixels from LCD screen
        col0 = y + LCD_Offset;
  8a:	b2ad      	uxth	r5, r5
C:\Downloaded Files\Virtual-Com-2\Virtual-Com-2\Project\Virtual_COM_Port\RIDE\CircleOS\src/lcd_spe_IL9325.c:467
        line0 = x + LCD_Offset;
  8c:	fa1f f888 	uxth.w	r8, r8
C:\Downloaded Files\Virtual-Com-2\Virtual-Com-2\Project\Virtual_COM_Port\RIDE\CircleOS\src/lcd_spe_IL9325.c:468
        for ( line = 0; line < width; line++ )
  90:	e01b      	b.n	ca <LCD_RectRead+0xca>
C:\Downloaded Files\Virtual-Com-2\Virtual-Com-2\Project\Virtual_COM_Port\RIDE\CircleOS\src/lcd_spe_IL9325.c:471
        {
            // Current GRAM Vertical position
            LCD_Write_Reg( ILI9325_GRAM_VADDR, line0 + line );
  92:	2021      	movs	r0, #33	; 0x21
  94:	4641      	mov	r1, r8
  96:	f7ff fffe 	bl	0 <LCD_Write_Reg>
C:\Downloaded Files\Virtual-Com-2\Virtual-Com-2\Project\Virtual_COM_Port\RIDE\CircleOS\src/lcd_spe_IL9325.c:473

            for ( col = 0; col < height; col++ )
  9a:	46aa      	mov	sl, r5
  9c:	f04f 0900 	mov.w	r9, #0
  a0:	e00c      	b.n	bc <LCD_RectRead+0xbc>
C:\Downloaded Files\Virtual-Com-2\Virtual-Com-2\Project\Virtual_COM_Port\RIDE\CircleOS\src/lcd_spe_IL9325.c:476
            {
                // Current GRAM horizontal position
                LCD_Write_Reg( ILI9325_GRAM_HADDR, col0 + col );
  a2:	4651      	mov	r1, sl
  a4:	2020      	movs	r0, #32
  a6:	f7ff fffe 	bl	0 <LCD_Write_Reg>
C:\Downloaded Files\Virtual-Com-2\Virtual-Com-2\Project\Virtual_COM_Port\RIDE\CircleOS\src/lcd_spe_IL9325.c:479

                // Read pixel 2 bytes
                LCD_PixelRead( &bmp );
  aa:	a808      	add	r0, sp, #32
  ac:	f7ff fffe 	bl	0 <LCD_PixelRead>
C:\Downloaded Files\Virtual-Com-2\Virtual-Com-2\Project\Virtual_COM_Port\RIDE\CircleOS\src/lcd_spe_IL9325.c:473
        for ( line = 0; line < width; line++ )
        {
            // Current GRAM Vertical position
            LCD_Write_Reg( ILI9325_GRAM_VADDR, line0 + line );

            for ( col = 0; col < height; col++ )
  b0:	f10a 0a01 	add.w	sl, sl, #1
  b4:	f109 0901 	add.w	r9, r9, #1
  b8:	fa1f fa8a 	uxth.w	sl, sl
  bc:	45b1      	cmp	r9, r6
  be:	d3f0      	bcc.n	a2 <LCD_RectRead+0xa2>
C:\Downloaded Files\Virtual-Com-2\Virtual-Com-2\Project\Virtual_COM_Port\RIDE\CircleOS\src/lcd_spe_IL9325.c:468

    case V3:
        // Read pixels from LCD screen
        col0 = y + LCD_Offset;
        line0 = x + LCD_Offset;
        for ( line = 0; line < width; line++ )
  c0:	f108 0801 	add.w	r8, r8, #1
  c4:	3701      	adds	r7, #1
  c6:	fa1f f888 	uxth.w	r8, r8
  ca:	42a7      	cmp	r7, r4
  cc:	d3e1      	bcc.n	92 <LCD_RectRead+0x92>
  ce:	e8bd 87f0 	ldmia.w	sp!, {r4, r5, r6, r7, r8, r9, sl, pc}
C:\Downloaded Files\Virtual-Com-2\Virtual-Com-2\Project\Virtual_COM_Port\RIDE\CircleOS\src/lcd_spe_IL9325.c:486
        }
        break;

    case V6:
        // Read pixels from LCD screen
        col0 = x + LCD_Offset;
  d2:	4b30      	ldr	r3, [pc, #192]	; (194 <LCD_RectRead+0x194>)
C:\Downloaded Files\Virtual-Com-2\Virtual-Com-2\Project\Virtual_COM_Port\RIDE\CircleOS\src/lcd_spe_IL9325.c:487
        line0 = Screen_Height - y - 1 + LCD_Offset;
  d4:	4a31      	ldr	r2, [pc, #196]	; (19c <LCD_RectRead+0x19c>)
C:\Downloaded Files\Virtual-Com-2\Virtual-Com-2\Project\Virtual_COM_Port\RIDE\CircleOS\src/lcd_spe_IL9325.c:486
        }
        break;

    case V6:
        // Read pixels from LCD screen
        col0 = x + LCD_Offset;
  d6:	781b      	ldrb	r3, [r3, #0]
C:\Downloaded Files\Virtual-Com-2\Virtual-Com-2\Project\Virtual_COM_Port\RIDE\CircleOS\src/lcd_spe_IL9325.c:487
        line0 = Screen_Height - y - 1 + LCD_Offset;
  d8:	8812      	ldrh	r2, [r2, #0]
C:\Downloaded Files\Virtual-Com-2\Virtual-Com-2\Project\Virtual_COM_Port\RIDE\CircleOS\src/lcd_spe_IL9325.c:486
        }
        break;

    case V6:
        // Read pixels from LCD screen
        col0 = x + LCD_Offset;
  da:	1818      	adds	r0, r3, r0
C:\Downloaded Files\Virtual-Com-2\Virtual-Com-2\Project\Virtual_COM_Port\RIDE\CircleOS\src/lcd_spe_IL9325.c:487
        line0 = Screen_Height - y - 1 + LCD_Offset;
  dc:	189b      	adds	r3, r3, r2
  de:	3b01      	subs	r3, #1
  e0:	1a5d      	subs	r5, r3, r1
C:\Downloaded Files\Virtual-Com-2\Virtual-Com-2\Project\Virtual_COM_Port\RIDE\CircleOS\src/lcd_spe_IL9325.c:486
        }
        break;

    case V6:
        // Read pixels from LCD screen
        col0 = x + LCD_Offset;
  e2:	fa1f f880 	uxth.w	r8, r0
C:\Downloaded Files\Virtual-Com-2\Virtual-Com-2\Project\Virtual_COM_Port\RIDE\CircleOS\src/lcd_spe_IL9325.c:487
        line0 = Screen_Height - y - 1 + LCD_Offset;
  e6:	b2ad      	uxth	r5, r5
C:\Downloaded Files\Virtual-Com-2\Virtual-Com-2\Project\Virtual_COM_Port\RIDE\CircleOS\src/lcd_spe_IL9325.c:488
        for ( col = 0; col < width; col++ )
  e8:	2700      	movs	r7, #0
  ea:	e01b      	b.n	124 <LCD_RectRead+0x124>
C:\Downloaded Files\Virtual-Com-2\Virtual-Com-2\Project\Virtual_COM_Port\RIDE\CircleOS\src/lcd_spe_IL9325.c:491
        {
            // Current GRAM horizontal position
            LCD_Write_Reg( ILI9325_GRAM_HADDR, col0 + col );
  ec:	2020      	movs	r0, #32
  ee:	4641      	mov	r1, r8
  f0:	f7ff fffe 	bl	0 <LCD_Write_Reg>
C:\Downloaded Files\Virtual-Com-2\Virtual-Com-2\Project\Virtual_COM_Port\RIDE\CircleOS\src/lcd_spe_IL9325.c:493

            for ( line = 0; line < height; line++ )
  f4:	46aa      	mov	sl, r5
  f6:	f04f 0900 	mov.w	r9, #0
  fa:	e00c      	b.n	116 <LCD_RectRead+0x116>
C:\Downloaded Files\Virtual-Com-2\Virtual-Com-2\Project\Virtual_COM_Port\RIDE\CircleOS\src/lcd_spe_IL9325.c:496
            {
                // Current GRAM Vertical position
                LCD_Write_Reg( ILI9325_GRAM_VADDR, line0 - line );
  fc:	4651      	mov	r1, sl
  fe:	2021      	movs	r0, #33	; 0x21
 100:	f7ff fffe 	bl	0 <LCD_Write_Reg>
C:\Downloaded Files\Virtual-Com-2\Virtual-Com-2\Project\Virtual_COM_Port\RIDE\CircleOS\src/lcd_spe_IL9325.c:499

                // Read pixel 2 bytes
                LCD_PixelRead( &bmp );
 104:	a808      	add	r0, sp, #32
 106:	f7ff fffe 	bl	0 <LCD_PixelRead>
C:\Downloaded Files\Virtual-Com-2\Virtual-Com-2\Project\Virtual_COM_Port\RIDE\CircleOS\src/lcd_spe_IL9325.c:493
        for ( col = 0; col < width; col++ )
        {
            // Current GRAM horizontal position
            LCD_Write_Reg( ILI9325_GRAM_HADDR, col0 + col );

            for ( line = 0; line < height; line++ )
 10a:	f10a 3aff 	add.w	sl, sl, #4294967295
 10e:	f109 0901 	add.w	r9, r9, #1
 112:	fa1f fa8a 	uxth.w	sl, sl
 116:	45b1      	cmp	r9, r6
 118:	d3f0      	bcc.n	fc <LCD_RectRead+0xfc>
C:\Downloaded Files\Virtual-Com-2\Virtual-Com-2\Project\Virtual_COM_Port\RIDE\CircleOS\src/lcd_spe_IL9325.c:488

    case V6:
        // Read pixels from LCD screen
        col0 = x + LCD_Offset;
        line0 = Screen_Height - y - 1 + LCD_Offset;
        for ( col = 0; col < width; col++ )
 11a:	f108 0801 	add.w	r8, r8, #1
 11e:	3701      	adds	r7, #1
 120:	fa1f f888 	uxth.w	r8, r8
 124:	42a7      	cmp	r7, r4
 126:	d3e1      	bcc.n	ec <LCD_RectRead+0xec>
 128:	e8bd 87f0 	ldmia.w	sp!, {r4, r5, r6, r7, r8, r9, sl, pc}
C:\Downloaded Files\Virtual-Com-2\Virtual-Com-2\Project\Virtual_COM_Port\RIDE\CircleOS\src/lcd_spe_IL9325.c:506
        }
        break;

    case V9:
        // Read pixels from LCD screen
        col0 = Screen_Width - y - 1 + LCD_Offset;
 12c:	4b19      	ldr	r3, [pc, #100]	; (194 <LCD_RectRead+0x194>)
 12e:	4a1a      	ldr	r2, [pc, #104]	; (198 <LCD_RectRead+0x198>)
 130:	781b      	ldrb	r3, [r3, #0]
 132:	8812      	ldrh	r2, [r2, #0]
C:\Downloaded Files\Virtual-Com-2\Virtual-Com-2\Project\Virtual_COM_Port\RIDE\CircleOS\src/lcd_spe_IL9325.c:508
        line0 = Screen_Height - x - 1 + LCD_Offset;
        for ( line = 0; line < width; line++ )
 134:	2700      	movs	r7, #0
C:\Downloaded Files\Virtual-Com-2\Virtual-Com-2\Project\Virtual_COM_Port\RIDE\CircleOS\src/lcd_spe_IL9325.c:506
        }
        break;

    case V9:
        // Read pixels from LCD screen
        col0 = Screen_Width - y - 1 + LCD_Offset;
 136:	189a      	adds	r2, r3, r2
 138:	3a01      	subs	r2, #1
 13a:	1a55      	subs	r5, r2, r1
C:\Downloaded Files\Virtual-Com-2\Virtual-Com-2\Project\Virtual_COM_Port\RIDE\CircleOS\src/lcd_spe_IL9325.c:507
        line0 = Screen_Height - x - 1 + LCD_Offset;
 13c:	4a17      	ldr	r2, [pc, #92]	; (19c <LCD_RectRead+0x19c>)
C:\Downloaded Files\Virtual-Com-2\Virtual-Com-2\Project\Virtual_COM_Port\RIDE\CircleOS\src/lcd_spe_IL9325.c:506
        }
        break;

    case V9:
        // Read pixels from LCD screen
        col0 = Screen_Width - y - 1 + LCD_Offset;
 13e:	b2ad      	uxth	r5, r5
C:\Downloaded Files\Virtual-Com-2\Virtual-Com-2\Project\Virtual_COM_Port\RIDE\CircleOS\src/lcd_spe_IL9325.c:507
        line0 = Screen_Height - x - 1 + LCD_Offset;
 140:	f8b2 8000 	ldrh.w	r8, [r2]
 144:	4443      	add	r3, r8
 146:	3b01      	subs	r3, #1
 148:	1a18      	subs	r0, r3, r0
 14a:	fa1f f880 	uxth.w	r8, r0
C:\Downloaded Files\Virtual-Com-2\Virtual-Com-2\Project\Virtual_COM_Port\RIDE\CircleOS\src/lcd_spe_IL9325.c:508
        for ( line = 0; line < width; line++ )
 14e:	e01b      	b.n	188 <LCD_RectRead+0x188>
C:\Downloaded Files\Virtual-Com-2\Virtual-Com-2\Project\Virtual_COM_Port\RIDE\CircleOS\src/lcd_spe_IL9325.c:511
        {
            // Current GRAM Vertical position
            LCD_Write_Reg( ILI9325_GRAM_VADDR, line0 - line );
 150:	2021      	movs	r0, #33	; 0x21
 152:	4641      	mov	r1, r8
 154:	f7ff fffe 	bl	0 <LCD_Write_Reg>
C:\Downloaded Files\Virtual-Com-2\Virtual-Com-2\Project\Virtual_COM_Port\RIDE\CircleOS\src/lcd_spe_IL9325.c:513

            for ( col = 0; col < height; col++ )
 158:	46aa      	mov	sl, r5
 15a:	f04f 0900 	mov.w	r9, #0
 15e:	e00c      	b.n	17a <LCD_RectRead+0x17a>
C:\Downloaded Files\Virtual-Com-2\Virtual-Com-2\Project\Virtual_COM_Port\RIDE\CircleOS\src/lcd_spe_IL9325.c:516
            {
                // Current GRAM horizontal position
                LCD_Write_Reg( ILI9325_GRAM_HADDR, col0 - col );
 160:	4651      	mov	r1, sl
 162:	2020      	movs	r0, #32
 164:	f7ff fffe 	bl	0 <LCD_Write_Reg>
C:\Downloaded Files\Virtual-Com-2\Virtual-Com-2\Project\Virtual_COM_Port\RIDE\CircleOS\src/lcd_spe_IL9325.c:519

                // Read pixel 2 bytes
                LCD_PixelRead( &bmp );
 168:	a808      	add	r0, sp, #32
 16a:	f7ff fffe 	bl	0 <LCD_PixelRead>
C:\Downloaded Files\Virtual-Com-2\Virtual-Com-2\Project\Virtual_COM_Port\RIDE\CircleOS\src/lcd_spe_IL9325.c:513
        for ( line = 0; line < width; line++ )
        {
            // Current GRAM Vertical position
            LCD_Write_Reg( ILI9325_GRAM_VADDR, line0 - line );

            for ( col = 0; col < height; col++ )
 16e:	f10a 3aff 	add.w	sl, sl, #4294967295
 172:	f109 0901 	add.w	r9, r9, #1
 176:	fa1f fa8a 	uxth.w	sl, sl
 17a:	45b1      	cmp	r9, r6
 17c:	d3f0      	bcc.n	160 <LCD_RectRead+0x160>
C:\Downloaded Files\Virtual-Com-2\Virtual-Com-2\Project\Virtual_COM_Port\RIDE\CircleOS\src/lcd_spe_IL9325.c:508

    case V9:
        // Read pixels from LCD screen
        col0 = Screen_Width - y - 1 + LCD_Offset;
        line0 = Screen_Height - x - 1 + LCD_Offset;
        for ( line = 0; line < width; line++ )
 17e:	f108 38ff 	add.w	r8, r8, #4294967295
 182:	3701      	adds	r7, #1
 184:	fa1f f888 	uxth.w	r8, r8
 188:	42a7      	cmp	r7, r4
 18a:	d3e1      	bcc.n	150 <LCD_RectRead+0x150>
 18c:	e8bd 87f0 	ldmia.w	sp!, {r4, r5, r6, r7, r8, r9, sl, pc}
	...

Disassembly of section .text.LCD_GetPixel:

00000000 <LCD_GetPixel>:
LCD_GetPixel():
C:\Downloaded Files\Virtual-Com-2\Virtual-Com-2\Project\Virtual_COM_Port\RIDE\CircleOS\src/lcd_spe_IL9325.c:546
*  @see        LCD_RectRead
*
**/
/******************************************************************************/
u16 LCD_GetPixel( coord_t x, coord_t y )
{
   0:	b51f      	push	{r0, r1, r2, r3, r4, lr}
C:\Downloaded Files\Virtual-Com-2\Virtual-Com-2\Project\Virtual_COM_Port\RIDE\CircleOS\src/lcd_spe_IL9325.c:550
    u16 val;
    u8 pixel[2];

    LCD_RectRead( x, y, 1, 1, &pixel[0] );
   2:	2201      	movs	r2, #1
   4:	ab03      	add	r3, sp, #12
   6:	9300      	str	r3, [sp, #0]
   8:	4613      	mov	r3, r2
   a:	f7ff fffe 	bl	0 <LCD_GetPixel>
C:\Downloaded Files\Virtual-Com-2\Virtual-Com-2\Project\Virtual_COM_Port\RIDE\CircleOS\src/lcd_spe_IL9325.c:551
    val = ( pixel[1] << 8 ) | pixel[0];
   e:	f89d 000d 	ldrb.w	r0, [sp, #13]
  12:	f89d 300c 	ldrb.w	r3, [sp, #12]
C:\Downloaded Files\Virtual-Com-2\Virtual-Com-2\Project\Virtual_COM_Port\RIDE\CircleOS\src/lcd_spe_IL9325.c:553
    return val;
}
  16:	ea43 2000 	orr.w	r0, r3, r0, lsl #8
  1a:	b005      	add	sp, #20
  1c:	bd00      	pop	{pc}

Disassembly of section .text.LCD_SetRect_For_Cmd:

00000000 <LCD_SetRect_For_Cmd>:
LCD_SetRect_For_Cmd():
C:\Downloaded Files\Virtual-Com-2\Virtual-Com-2\Project\Virtual_COM_Port\RIDE\CircleOS\src/lcd_spe_IL9325.c:574
*  @warning    The (0x0) point in on the low left corner.
*
**/
/******************************************************************************/
void LCD_SetRect_For_Cmd( coord_t x, coord_t y, coord_t width, coord_t height )
{
   0:	e92d 47f0 	stmdb	sp!, {r4, r5, r6, r7, r8, r9, sl, lr}
   4:	4698      	mov	r8, r3
C:\Downloaded Files\Virtual-Com-2\Virtual-Com-2\Project\Virtual_COM_Port\RIDE\CircleOS\src/lcd_spe_IL9325.c:577
    // Set GRAM window

    switch ( CurrentScreenOrientation%4 )
   6:	4b71      	ldr	r3, [pc, #452]	; (1cc <LCD_SetRect_For_Cmd+0x1cc>)
C:\Downloaded Files\Virtual-Com-2\Virtual-Com-2\Project\Virtual_COM_Port\RIDE\CircleOS\src/lcd_spe_IL9325.c:574
*  @warning    The (0x0) point in on the low left corner.
*
**/
/******************************************************************************/
void LCD_SetRect_For_Cmd( coord_t x, coord_t y, coord_t width, coord_t height )
{
   8:	4604      	mov	r4, r0
C:\Downloaded Files\Virtual-Com-2\Virtual-Com-2\Project\Virtual_COM_Port\RIDE\CircleOS\src/lcd_spe_IL9325.c:577
    // Set GRAM window

    switch ( CurrentScreenOrientation%4 )
   a:	781b      	ldrb	r3, [r3, #0]
C:\Downloaded Files\Virtual-Com-2\Virtual-Com-2\Project\Virtual_COM_Port\RIDE\CircleOS\src/lcd_spe_IL9325.c:574
*  @warning    The (0x0) point in on the low left corner.
*
**/
/******************************************************************************/
void LCD_SetRect_For_Cmd( coord_t x, coord_t y, coord_t width, coord_t height )
{
   c:	460d      	mov	r5, r1
C:\Downloaded Files\Virtual-Com-2\Virtual-Com-2\Project\Virtual_COM_Port\RIDE\CircleOS\src/lcd_spe_IL9325.c:577
    // Set GRAM window

    switch ( CurrentScreenOrientation%4 )
   e:	f003 0303 	and.w	r3, r3, #3
  12:	2b02      	cmp	r3, #2
C:\Downloaded Files\Virtual-Com-2\Virtual-Com-2\Project\Virtual_COM_Port\RIDE\CircleOS\src/lcd_spe_IL9325.c:574
*  @warning    The (0x0) point in on the low left corner.
*
**/
/******************************************************************************/
void LCD_SetRect_For_Cmd( coord_t x, coord_t y, coord_t width, coord_t height )
{
  14:	4616      	mov	r6, r2
  16:	4f6e      	ldr	r7, [pc, #440]	; (1d0 <LCD_SetRect_For_Cmd+0x1d0>)
C:\Downloaded Files\Virtual-Com-2\Virtual-Com-2\Project\Virtual_COM_Port\RIDE\CircleOS\src/lcd_spe_IL9325.c:577
    // Set GRAM window

    switch ( CurrentScreenOrientation%4 )
  18:	d05f      	beq.n	da <LCD_SetRect_For_Cmd+0xda>
  1a:	2b03      	cmp	r3, #3
  1c:	b28d      	uxth	r5, r1
  1e:	f000 808f 	beq.w	140 <LCD_SetRect_For_Cmd+0x140>
  22:	2b01      	cmp	r3, #1
  24:	d032      	beq.n	8c <LCD_SetRect_For_Cmd+0x8c>
C:\Downloaded Files\Virtual-Com-2\Virtual-Com-2\Project\Virtual_COM_Port\RIDE\CircleOS\src/lcd_spe_IL9325.c:581
    {
    case V12:
        // Horizontal GRAM Start Address
        LCD_Write_Reg( ILI9325_HOR_ADDR_START, Screen_Width - x  - width + LCD_Offset );
  26:	f8df 91b0 	ldr.w	r9, [pc, #432]	; 1d8 <LCD_SetRect_For_Cmd+0x1d8>
  2a:	783a      	ldrb	r2, [r7, #0]
  2c:	f8b9 3000 	ldrh.w	r3, [r9]
  30:	b284      	uxth	r4, r0
  32:	18d3      	adds	r3, r2, r3
  34:	1b1b      	subs	r3, r3, r4
  36:	1b9e      	subs	r6, r3, r6
  38:	2050      	movs	r0, #80	; 0x50
  3a:	b2b1      	uxth	r1, r6
  3c:	f7ff fffe 	bl	0 <LCD_Write_Reg>
C:\Downloaded Files\Virtual-Com-2\Virtual-Com-2\Project\Virtual_COM_Port\RIDE\CircleOS\src/lcd_spe_IL9325.c:584

        // Horizontal GRAM End Address
        LCD_Write_Reg( ILI9325_HOR_ADDR_END,  Screen_Width - x - 1 +  LCD_Offset );
  40:	783b      	ldrb	r3, [r7, #0]
  42:	f8b9 1000 	ldrh.w	r1, [r9]
  46:	2051      	movs	r0, #81	; 0x51
  48:	18c9      	adds	r1, r1, r3
  4a:	3901      	subs	r1, #1
  4c:	1b09      	subs	r1, r1, r4
  4e:	b289      	uxth	r1, r1
  50:	f7ff fffe 	bl	0 <LCD_Write_Reg>
C:\Downloaded Files\Virtual-Com-2\Virtual-Com-2\Project\Virtual_COM_Port\RIDE\CircleOS\src/lcd_spe_IL9325.c:587

        // Window Vertical GRAM Start Address
        LCD_Write_Reg( ILI9325_VET_ADDR_START, y + LCD_Offset ) ;
  54:	7839      	ldrb	r1, [r7, #0]
  56:	2052      	movs	r0, #82	; 0x52
  58:	1869      	adds	r1, r5, r1
  5a:	b289      	uxth	r1, r1
  5c:	f7ff fffe 	bl	0 <LCD_Write_Reg>
C:\Downloaded Files\Virtual-Com-2\Virtual-Com-2\Project\Virtual_COM_Port\RIDE\CircleOS\src/lcd_spe_IL9325.c:590

        // Window Vertical GRAM End Address
        LCD_Write_Reg( ILI9325_VET_ADDR_END, y + height - 1 + LCD_Offset );
  60:	783b      	ldrb	r3, [r7, #0]
  62:	2053      	movs	r0, #83	; 0x53
  64:	3b01      	subs	r3, #1
  66:	18eb      	adds	r3, r5, r3
  68:	4498      	add	r8, r3
  6a:	fa1f f188 	uxth.w	r1, r8
  6e:	f7ff fffe 	bl	0 <LCD_Write_Reg>
C:\Downloaded Files\Virtual-Com-2\Virtual-Com-2\Project\Virtual_COM_Port\RIDE\CircleOS\src/lcd_spe_IL9325.c:593

        // Current GRAM horizontal position
        LCD_Write_Reg( ILI9325_GRAM_HADDR, Screen_Width - x - 1 + LCD_Offset );
  72:	783b      	ldrb	r3, [r7, #0]
  74:	f8b9 2000 	ldrh.w	r2, [r9]
  78:	2020      	movs	r0, #32
  7a:	18d3      	adds	r3, r2, r3
  7c:	3b01      	subs	r3, #1
  7e:	1b1c      	subs	r4, r3, r4
  80:	b2a1      	uxth	r1, r4
  82:	f7ff fffe 	bl	0 <LCD_Write_Reg>
C:\Downloaded Files\Virtual-Com-2\Virtual-Com-2\Project\Virtual_COM_Port\RIDE\CircleOS\src/lcd_spe_IL9325.c:596

        // Current GRAM Vertical position
        LCD_Write_Reg( ILI9325_GRAM_VADDR, y + LCD_Offset );
  86:	783b      	ldrb	r3, [r7, #0]
  88:	18ed      	adds	r5, r5, r3
  8a:	e056      	b.n	13a <LCD_SetRect_For_Cmd+0x13a>
C:\Downloaded Files\Virtual-Com-2\Virtual-Com-2\Project\Virtual_COM_Port\RIDE\CircleOS\src/lcd_spe_IL9325.c:601
        break;

    case V3:
        // Horizontal GRAM Start Address
        LCD_Write_Reg( ILI9325_HOR_ADDR_START, y + LCD_Offset );
  8c:	7839      	ldrb	r1, [r7, #0]
  8e:	2050      	movs	r0, #80	; 0x50
  90:	1869      	adds	r1, r5, r1
  92:	b289      	uxth	r1, r1
  94:	f7ff fffe 	bl	0 <LCD_Write_Reg>
C:\Downloaded Files\Virtual-Com-2\Virtual-Com-2\Project\Virtual_COM_Port\RIDE\CircleOS\src/lcd_spe_IL9325.c:604

        // Horizontal GRAM End Address
        LCD_Write_Reg( ILI9325_HOR_ADDR_END, y + height - 1 + LCD_Offset );
  98:	783b      	ldrb	r3, [r7, #0]
  9a:	2051      	movs	r0, #81	; 0x51
  9c:	3b01      	subs	r3, #1
  9e:	18eb      	adds	r3, r5, r3
  a0:	4498      	add	r8, r3
  a2:	fa1f f188 	uxth.w	r1, r8
  a6:	f7ff fffe 	bl	0 <LCD_Write_Reg>
C:\Downloaded Files\Virtual-Com-2\Virtual-Com-2\Project\Virtual_COM_Port\RIDE\CircleOS\src/lcd_spe_IL9325.c:607

        // Window Vertical GRAM Start Address
        LCD_Write_Reg( ILI9325_VET_ADDR_START, x + LCD_Offset ) ;
  aa:	7839      	ldrb	r1, [r7, #0]
  ac:	b2a4      	uxth	r4, r4
  ae:	1861      	adds	r1, r4, r1
  b0:	2052      	movs	r0, #82	; 0x52
  b2:	b289      	uxth	r1, r1
  b4:	f7ff fffe 	bl	0 <LCD_Write_Reg>
C:\Downloaded Files\Virtual-Com-2\Virtual-Com-2\Project\Virtual_COM_Port\RIDE\CircleOS\src/lcd_spe_IL9325.c:610

        // Window Vertical GRAM End Address
        LCD_Write_Reg( ILI9325_VET_ADDR_END, x + width - 1 + LCD_Offset );
  b8:	783b      	ldrb	r3, [r7, #0]
  ba:	2053      	movs	r0, #83	; 0x53
  bc:	3b01      	subs	r3, #1
  be:	18e3      	adds	r3, r4, r3
  c0:	199e      	adds	r6, r3, r6
  c2:	b2b1      	uxth	r1, r6
  c4:	f7ff fffe 	bl	0 <LCD_Write_Reg>
C:\Downloaded Files\Virtual-Com-2\Virtual-Com-2\Project\Virtual_COM_Port\RIDE\CircleOS\src/lcd_spe_IL9325.c:613

        // Current GRAM horizontal position
        LCD_Write_Reg( ILI9325_GRAM_HADDR, y + LCD_Offset );
  c8:	783b      	ldrb	r3, [r7, #0]
  ca:	2020      	movs	r0, #32
  cc:	18ed      	adds	r5, r5, r3
  ce:	b2a9      	uxth	r1, r5
  d0:	f7ff fffe 	bl	0 <LCD_Write_Reg>
C:\Downloaded Files\Virtual-Com-2\Virtual-Com-2\Project\Virtual_COM_Port\RIDE\CircleOS\src/lcd_spe_IL9325.c:616

        // Current GRAM Vertical position
        LCD_Write_Reg( ILI9325_GRAM_VADDR, x + LCD_Offset );
  d4:	783b      	ldrb	r3, [r7, #0]
  d6:	18e4      	adds	r4, r4, r3
  d8:	e071      	b.n	1be <LCD_SetRect_For_Cmd+0x1be>
C:\Downloaded Files\Virtual-Com-2\Virtual-Com-2\Project\Virtual_COM_Port\RIDE\CircleOS\src/lcd_spe_IL9325.c:621
        break;

    case V6:
        // Horizontal GRAM Start Address
        LCD_Write_Reg( ILI9325_HOR_ADDR_START, x + LCD_Offset );
  da:	7839      	ldrb	r1, [r7, #0]
  dc:	b284      	uxth	r4, r0
  de:	1861      	adds	r1, r4, r1
  e0:	2050      	movs	r0, #80	; 0x50
  e2:	b289      	uxth	r1, r1
  e4:	f7ff fffe 	bl	0 <LCD_Write_Reg>
C:\Downloaded Files\Virtual-Com-2\Virtual-Com-2\Project\Virtual_COM_Port\RIDE\CircleOS\src/lcd_spe_IL9325.c:624

        // Horizontal GRAM End Address
        LCD_Write_Reg( ILI9325_HOR_ADDR_END, x + width - 1  + LCD_Offset );
  e8:	783b      	ldrb	r3, [r7, #0]
  ea:	2051      	movs	r0, #81	; 0x51
  ec:	3b01      	subs	r3, #1
  ee:	18e3      	adds	r3, r4, r3
  f0:	199e      	adds	r6, r3, r6
  f2:	b2b1      	uxth	r1, r6
C:\Downloaded Files\Virtual-Com-2\Virtual-Com-2\Project\Virtual_COM_Port\RIDE\CircleOS\src/lcd_spe_IL9325.c:627

        // Window Vertical GRAM Start Address
        LCD_Write_Reg( ILI9325_VET_ADDR_START, Screen_Height - y - height + LCD_Offset ) ;
  f4:	4e37      	ldr	r6, [pc, #220]	; (1d4 <LCD_SetRect_For_Cmd+0x1d4>)
C:\Downloaded Files\Virtual-Com-2\Virtual-Com-2\Project\Virtual_COM_Port\RIDE\CircleOS\src/lcd_spe_IL9325.c:624
    case V6:
        // Horizontal GRAM Start Address
        LCD_Write_Reg( ILI9325_HOR_ADDR_START, x + LCD_Offset );

        // Horizontal GRAM End Address
        LCD_Write_Reg( ILI9325_HOR_ADDR_END, x + width - 1  + LCD_Offset );
  f6:	f7ff fffe 	bl	0 <LCD_Write_Reg>
C:\Downloaded Files\Virtual-Com-2\Virtual-Com-2\Project\Virtual_COM_Port\RIDE\CircleOS\src/lcd_spe_IL9325.c:627

        // Window Vertical GRAM Start Address
        LCD_Write_Reg( ILI9325_VET_ADDR_START, Screen_Height - y - height + LCD_Offset ) ;
  fa:	783a      	ldrb	r2, [r7, #0]
  fc:	8833      	ldrh	r3, [r6, #0]
  fe:	b2ad      	uxth	r5, r5
 100:	18d3      	adds	r3, r2, r3
 102:	1b5b      	subs	r3, r3, r5
 104:	ebc8 0803 	rsb	r8, r8, r3
 108:	2052      	movs	r0, #82	; 0x52
 10a:	fa1f f188 	uxth.w	r1, r8
 10e:	f7ff fffe 	bl	0 <LCD_Write_Reg>
C:\Downloaded Files\Virtual-Com-2\Virtual-Com-2\Project\Virtual_COM_Port\RIDE\CircleOS\src/lcd_spe_IL9325.c:630

        // Window Vertical GRAM End Address
        LCD_Write_Reg( ILI9325_VET_ADDR_END, Screen_Height - y - 1 + LCD_Offset );
 112:	783b      	ldrb	r3, [r7, #0]
 114:	8831      	ldrh	r1, [r6, #0]
 116:	2053      	movs	r0, #83	; 0x53
 118:	18c9      	adds	r1, r1, r3
 11a:	3901      	subs	r1, #1
 11c:	1b49      	subs	r1, r1, r5
 11e:	b289      	uxth	r1, r1
 120:	f7ff fffe 	bl	0 <LCD_Write_Reg>
C:\Downloaded Files\Virtual-Com-2\Virtual-Com-2\Project\Virtual_COM_Port\RIDE\CircleOS\src/lcd_spe_IL9325.c:633

        // Current GRAM horizontal position
        LCD_Write_Reg( ILI9325_GRAM_HADDR, x + LCD_Offset );
 124:	783b      	ldrb	r3, [r7, #0]
 126:	2020      	movs	r0, #32
 128:	18e4      	adds	r4, r4, r3
 12a:	b2a1      	uxth	r1, r4
 12c:	f7ff fffe 	bl	0 <LCD_Write_Reg>
C:\Downloaded Files\Virtual-Com-2\Virtual-Com-2\Project\Virtual_COM_Port\RIDE\CircleOS\src/lcd_spe_IL9325.c:636

        // Current GRAM Vertical position
        LCD_Write_Reg( ILI9325_GRAM_VADDR, Screen_Height - y - 1 + LCD_Offset );
 130:	783b      	ldrb	r3, [r7, #0]
 132:	8832      	ldrh	r2, [r6, #0]
 134:	18d3      	adds	r3, r2, r3
 136:	3b01      	subs	r3, #1
 138:	1b5d      	subs	r5, r3, r5
 13a:	2021      	movs	r0, #33	; 0x21
 13c:	b2a9      	uxth	r1, r5
 13e:	e040      	b.n	1c2 <LCD_SetRect_For_Cmd+0x1c2>
C:\Downloaded Files\Virtual-Com-2\Virtual-Com-2\Project\Virtual_COM_Port\RIDE\CircleOS\src/lcd_spe_IL9325.c:641
        break;

    case V9:
        // Horizontal GRAM Start Address
        LCD_Write_Reg( ILI9325_HOR_ADDR_START,  Screen_Width - y - height + LCD_Offset );
 140:	f8df 9094 	ldr.w	r9, [pc, #148]	; 1d8 <LCD_SetRect_For_Cmd+0x1d8>
 144:	783a      	ldrb	r2, [r7, #0]
 146:	f8b9 3000 	ldrh.w	r3, [r9]
 14a:	2050      	movs	r0, #80	; 0x50
 14c:	18d3      	adds	r3, r2, r3
 14e:	1b5b      	subs	r3, r3, r5
 150:	ebc8 0803 	rsb	r8, r8, r3
 154:	fa1f f188 	uxth.w	r1, r8
 158:	f7ff fffe 	bl	0 <LCD_Write_Reg>
C:\Downloaded Files\Virtual-Com-2\Virtual-Com-2\Project\Virtual_COM_Port\RIDE\CircleOS\src/lcd_spe_IL9325.c:644

        // Horizontal GRAM End Address
        LCD_Write_Reg( ILI9325_HOR_ADDR_END,  Screen_Width - y - 1 + LCD_Offset );
 15c:	783b      	ldrb	r3, [r7, #0]
 15e:	f8b9 1000 	ldrh.w	r1, [r9]
C:\Downloaded Files\Virtual-Com-2\Virtual-Com-2\Project\Virtual_COM_Port\RIDE\CircleOS\src/lcd_spe_IL9325.c:647

        // Window Vertical GRAM Start Address
        LCD_Write_Reg( ILI9325_VET_ADDR_START,  Screen_Height - x - width + LCD_Offset ) ;
 162:	f8df 8070 	ldr.w	r8, [pc, #112]	; 1d4 <LCD_SetRect_For_Cmd+0x1d4>
C:\Downloaded Files\Virtual-Com-2\Virtual-Com-2\Project\Virtual_COM_Port\RIDE\CircleOS\src/lcd_spe_IL9325.c:644
    case V9:
        // Horizontal GRAM Start Address
        LCD_Write_Reg( ILI9325_HOR_ADDR_START,  Screen_Width - y - height + LCD_Offset );

        // Horizontal GRAM End Address
        LCD_Write_Reg( ILI9325_HOR_ADDR_END,  Screen_Width - y - 1 + LCD_Offset );
 166:	18c9      	adds	r1, r1, r3
 168:	3901      	subs	r1, #1
 16a:	1b49      	subs	r1, r1, r5
 16c:	2051      	movs	r0, #81	; 0x51
 16e:	b289      	uxth	r1, r1
 170:	f7ff fffe 	bl	0 <LCD_Write_Reg>
C:\Downloaded Files\Virtual-Com-2\Virtual-Com-2\Project\Virtual_COM_Port\RIDE\CircleOS\src/lcd_spe_IL9325.c:647

        // Window Vertical GRAM Start Address
        LCD_Write_Reg( ILI9325_VET_ADDR_START,  Screen_Height - x - width + LCD_Offset ) ;
 174:	783a      	ldrb	r2, [r7, #0]
 176:	f8b8 3000 	ldrh.w	r3, [r8]
 17a:	b2a4      	uxth	r4, r4
 17c:	18d3      	adds	r3, r2, r3
 17e:	1b1b      	subs	r3, r3, r4
 180:	1b9e      	subs	r6, r3, r6
 182:	2052      	movs	r0, #82	; 0x52
 184:	b2b1      	uxth	r1, r6
 186:	f7ff fffe 	bl	0 <LCD_Write_Reg>
C:\Downloaded Files\Virtual-Com-2\Virtual-Com-2\Project\Virtual_COM_Port\RIDE\CircleOS\src/lcd_spe_IL9325.c:650

        // Window Vertical GRAM End Address
        LCD_Write_Reg( ILI9325_VET_ADDR_END,  Screen_Height - x - 1 + LCD_Offset );
 18a:	783b      	ldrb	r3, [r7, #0]
 18c:	f8b8 1000 	ldrh.w	r1, [r8]
 190:	2053      	movs	r0, #83	; 0x53
 192:	18c9      	adds	r1, r1, r3
 194:	3901      	subs	r1, #1
 196:	1b09      	subs	r1, r1, r4
 198:	b289      	uxth	r1, r1
 19a:	f7ff fffe 	bl	0 <LCD_Write_Reg>
C:\Downloaded Files\Virtual-Com-2\Virtual-Com-2\Project\Virtual_COM_Port\RIDE\CircleOS\src/lcd_spe_IL9325.c:653

        // Current GRAM horizontal position
        LCD_Write_Reg( ILI9325_GRAM_HADDR, Screen_Width - y - 1 + LCD_Offset );
 19e:	f8b9 2000 	ldrh.w	r2, [r9]
 1a2:	783b      	ldrb	r3, [r7, #0]
 1a4:	2020      	movs	r0, #32
 1a6:	18d3      	adds	r3, r2, r3
 1a8:	3b01      	subs	r3, #1
 1aa:	1b5d      	subs	r5, r3, r5
 1ac:	b2a9      	uxth	r1, r5
 1ae:	f7ff fffe 	bl	0 <LCD_Write_Reg>
C:\Downloaded Files\Virtual-Com-2\Virtual-Com-2\Project\Virtual_COM_Port\RIDE\CircleOS\src/lcd_spe_IL9325.c:656

        // Current GRAM Vertical position
        LCD_Write_Reg( ILI9325_GRAM_VADDR, Screen_Height - x - 1 + LCD_Offset );
 1b2:	783b      	ldrb	r3, [r7, #0]
 1b4:	f8b8 2000 	ldrh.w	r2, [r8]
 1b8:	18d3      	adds	r3, r2, r3
 1ba:	3b01      	subs	r3, #1
 1bc:	1b1c      	subs	r4, r3, r4
 1be:	2021      	movs	r0, #33	; 0x21
 1c0:	b2a1      	uxth	r1, r4
C:\Downloaded Files\Virtual-Com-2\Virtual-Com-2\Project\Virtual_COM_Port\RIDE\CircleOS\src/lcd_spe_IL9325.c:659
        break;
    }
}
 1c2:	e8bd 47f0 	ldmia.w	sp!, {r4, r5, r6, r7, r8, r9, sl, lr}
C:\Downloaded Files\Virtual-Com-2\Virtual-Com-2\Project\Virtual_COM_Port\RIDE\CircleOS\src/lcd_spe_IL9325.c:656

        // Current GRAM horizontal position
        LCD_Write_Reg( ILI9325_GRAM_HADDR, Screen_Width - y - 1 + LCD_Offset );

        // Current GRAM Vertical position
        LCD_Write_Reg( ILI9325_GRAM_VADDR, Screen_Height - x - 1 + LCD_Offset );
 1c6:	f7ff bffe 	b.w	0 <LCD_Write_Reg>
 1ca:	bf00      	nop
	...

Disassembly of section .text.LCD_FullScreen:

00000000 <LCD_FullScreen>:
LCD_FullScreen():
C:\Downloaded Files\Virtual-Com-2\Virtual-Com-2\Project\Virtual_COM_Port\RIDE\CircleOS\src/lcd_spe_IL9325.c:679
*  @note    The screen orientation is stalled to the current orentation
*           defined before function call.
**/
/******************************************************************************/
void LCD_FullScreen( bool FullScreenONOFF )
{
   0:	b510      	push	{r4, lr}
C:\Downloaded Files\Virtual-Com-2\Virtual-Com-2\Project\Virtual_COM_Port\RIDE\CircleOS\src/lcd_spe_IL9325.c:681
    // Fullscreen requested ?
    if ( FullScreenONOFF != 0 )
   2:	4604      	mov	r4, r0
   4:	2800      	cmp	r0, #0
   6:	d032      	beq.n	6e <LCD_FullScreen+0x6e>
C:\Downloaded Files\Virtual-Com-2\Virtual-Com-2\Project\Virtual_COM_Port\RIDE\CircleOS\src/lcd_spe_IL9325.c:689
        #if TOUCHSCREEN_AVAIL
//        UTIL_SetSchHandler(TOOLBAR_SCHHDL_ID, 0);
        #endif
        
        // We block rotation, offset and change limits for screen, char and pointer to whole screen
        LCD_SetRotateScreen(0);
   8:	2000      	movs	r0, #0
   a:	f7ff fffe 	bl	0 <LCD_SetRotateScreen>
C:\Downloaded Files\Virtual-Com-2\Virtual-Com-2\Project\Virtual_COM_Port\RIDE\CircleOS\src/lcd_spe_IL9325.c:690
        LCD_SetOffset(OFFSET_OFF);
   e:	2000      	movs	r0, #0
  10:	f7ff fffe 	bl	0 <LCD_SetOffset>
C:\Downloaded Files\Virtual-Com-2\Virtual-Com-2\Project\Virtual_COM_Port\RIDE\CircleOS\src/lcd_spe_IL9325.c:691
        Screen_Width = PHYS_SCREEN_WIDTH;
  14:	4b1d      	ldr	r3, [pc, #116]	; (8c <LCD_FullScreen+0x8c>)
  16:	21f0      	movs	r1, #240	; 0xf0
  18:	8019      	strh	r1, [r3, #0]
C:\Downloaded Files\Virtual-Com-2\Virtual-Com-2\Project\Virtual_COM_Port\RIDE\CircleOS\src/lcd_spe_IL9325.c:692
        Screen_Height = PHYS_SCREEN_HEIGHT;
  1a:	4b1d      	ldr	r3, [pc, #116]	; (90 <LCD_FullScreen+0x90>)
  1c:	f44f 72a0 	mov.w	r2, #320	; 0x140
  20:	801a      	strh	r2, [r3, #0]
C:\Downloaded Files\Virtual-Com-2\Virtual-Com-2\Project\Virtual_COM_Port\RIDE\CircleOS\src/lcd_spe_IL9325.c:695
        
        // If V3 or V9 orientation, we swap width and height limits
        if( (LCD_GetScreenOrientation() % 2) == 1 )
  22:	f7ff fffe 	bl	0 <LCD_GetScreenOrientation>
  26:	f010 0001 	ands.w	r0, r0, #1
  2a:	491a      	ldr	r1, [pc, #104]	; (94 <LCD_FullScreen+0x94>)
  2c:	4c1a      	ldr	r4, [pc, #104]	; (98 <LCD_FullScreen+0x98>)
  2e:	4a1b      	ldr	r2, [pc, #108]	; (9c <LCD_FullScreen+0x9c>)
  30:	4b1b      	ldr	r3, [pc, #108]	; (a0 <LCD_FullScreen+0xa0>)
  32:	d00e      	beq.n	52 <LCD_FullScreen+0x52>
C:\Downloaded Files\Virtual-Com-2\Virtual-Com-2\Project\Virtual_COM_Port\RIDE\CircleOS\src/lcd_spe_IL9325.c:697
            {
            PosCurY = PHYS_SCREEN_WIDTH - Char_Height;
  34:	7820      	ldrb	r0, [r4, #0]
  36:	f1c0 00f0 	rsb	r0, r0, #240	; 0xf0
  3a:	8008      	strh	r0, [r1, #0]
C:\Downloaded Files\Virtual-Com-2\Virtual-Com-2\Project\Virtual_COM_Port\RIDE\CircleOS\src/lcd_spe_IL9325.c:698
            RightMarginX = PHYS_SCREEN_HEIGHT;
  3c:	f44f 71a0 	mov.w	r1, #320	; 0x140
  40:	8011      	strh	r1, [r2, #0]
C:\Downloaded Files\Virtual-Com-2\Virtual-Com-2\Project\Virtual_COM_Port\RIDE\CircleOS\src/lcd_spe_IL9325.c:700
            HighMarginY = PHYS_SCREEN_WIDTH;
            LCD_DrawCharSetFilter( 0, PHYS_SCREEN_HEIGHT, 0, PHYS_SCREEN_WIDTH );
  42:	2000      	movs	r0, #0
C:\Downloaded Files\Virtual-Com-2\Virtual-Com-2\Project\Virtual_COM_Port\RIDE\CircleOS\src/lcd_spe_IL9325.c:699
        // If V3 or V9 orientation, we swap width and height limits
        if( (LCD_GetScreenOrientation() % 2) == 1 )
            {
            PosCurY = PHYS_SCREEN_WIDTH - Char_Height;
            RightMarginX = PHYS_SCREEN_HEIGHT;
            HighMarginY = PHYS_SCREEN_WIDTH;
  44:	22f0      	movs	r2, #240	; 0xf0
  46:	801a      	strh	r2, [r3, #0]
C:\Downloaded Files\Virtual-Com-2\Virtual-Com-2\Project\Virtual_COM_Port\RIDE\CircleOS\src/lcd_spe_IL9325.c:700
            LCD_DrawCharSetFilter( 0, PHYS_SCREEN_HEIGHT, 0, PHYS_SCREEN_WIDTH );
  48:	f44f 71a0 	mov.w	r1, #320	; 0x140
  4c:	4602      	mov	r2, r0
  4e:	23f0      	movs	r3, #240	; 0xf0
  50:	e017      	b.n	82 <LCD_FullScreen+0x82>
C:\Downloaded Files\Virtual-Com-2\Virtual-Com-2\Project\Virtual_COM_Port\RIDE\CircleOS\src/lcd_spe_IL9325.c:705
//            POINTER_SetRect( 0, 0, PHYS_SCREEN_HEIGHT - CurrentPointerWidth, PHYS_SCREEN_WIDTH - CurrentPointerHeight);
            }
        else
            {
            PosCurY = PHYS_SCREEN_HEIGHT - Char_Height;
  52:	7824      	ldrb	r4, [r4, #0]
  54:	f5c4 74a0 	rsb	r4, r4, #320	; 0x140
  58:	800c      	strh	r4, [r1, #0]
C:\Downloaded Files\Virtual-Com-2\Virtual-Com-2\Project\Virtual_COM_Port\RIDE\CircleOS\src/lcd_spe_IL9325.c:706
            RightMarginX = PHYS_SCREEN_WIDTH;
  5a:	21f0      	movs	r1, #240	; 0xf0
  5c:	8011      	strh	r1, [r2, #0]
C:\Downloaded Files\Virtual-Com-2\Virtual-Com-2\Project\Virtual_COM_Port\RIDE\CircleOS\src/lcd_spe_IL9325.c:707
            HighMarginY = PHYS_SCREEN_HEIGHT;
  5e:	f44f 72a0 	mov.w	r2, #320	; 0x140
  62:	801a      	strh	r2, [r3, #0]
C:\Downloaded Files\Virtual-Com-2\Virtual-Com-2\Project\Virtual_COM_Port\RIDE\CircleOS\src/lcd_spe_IL9325.c:708
            LCD_DrawCharSetFilter( 0, PHYS_SCREEN_WIDTH, 0, PHYS_SCREEN_HEIGHT );
  64:	21f0      	movs	r1, #240	; 0xf0
  66:	4602      	mov	r2, r0
  68:	f44f 73a0 	mov.w	r3, #320	; 0x140
  6c:	e009      	b.n	82 <LCD_FullScreen+0x82>
C:\Downloaded Files\Virtual-Com-2\Virtual-Com-2\Project\Virtual_COM_Port\RIDE\CircleOS\src/lcd_spe_IL9325.c:721
        #if TOUCHSCREEN_AVAIL
//        UTIL_SetSchHandler(TOOLBAR_SCHHDL_ID, TOOLBAR_Handler);
        #endif
        
        // We allow rotation, 
        LCD_SetRotateScreen(1);
  6e:	2001      	movs	r0, #1
  70:	f7ff fffe 	bl	0 <LCD_SetRotateScreen>
C:\Downloaded Files\Virtual-Com-2\Virtual-Com-2\Project\Virtual_COM_Port\RIDE\CircleOS\src/lcd_spe_IL9325.c:724
        
        // We restore screen, char and pointer to application screen limits
        LCD_SetOffset(OFFSET_ON);
  74:	2038      	movs	r0, #56	; 0x38
  76:	f7ff fffe 	bl	0 <LCD_SetOffset>
C:\Downloaded Files\Virtual-Com-2\Virtual-Com-2\Project\Virtual_COM_Port\RIDE\CircleOS\src/lcd_spe_IL9325.c:725
        LCD_DrawCharSetFilter( 0, APP_SCREEN_WIDTH, 0, APP_SCREEN_HEIGHT );
  7a:	21f0      	movs	r1, #240	; 0xf0
  7c:	4620      	mov	r0, r4
  7e:	4622      	mov	r2, r4
  80:	460b      	mov	r3, r1
C:\Downloaded Files\Virtual-Com-2\Virtual-Com-2\Project\Virtual_COM_Port\RIDE\CircleOS\src/lcd_spe_IL9325.c:729
//        POINTER_SetRectScreen();
        }

}
  82:	e8bd 4010 	ldmia.w	sp!, {r4, lr}
C:\Downloaded Files\Virtual-Com-2\Virtual-Com-2\Project\Virtual_COM_Port\RIDE\CircleOS\src/lcd_spe_IL9325.c:725
        // We allow rotation, 
        LCD_SetRotateScreen(1);
        
        // We restore screen, char and pointer to application screen limits
        LCD_SetOffset(OFFSET_ON);
        LCD_DrawCharSetFilter( 0, APP_SCREEN_WIDTH, 0, APP_SCREEN_HEIGHT );
  86:	f7ff bffe 	b.w	0 <LCD_DrawCharSetFilter>
  8a:	bf00      	nop
	...
