
C:\Downloaded Files\Virtual-Com-2\Virtual-Com-2\Project\Virtual_COM_Port\RIDE\STM3210E-OPEN4\stm32f10x_it.o:     file format elf32-littlearm
C:\Downloaded Files\Virtual-Com-2\Virtual-Com-2\Project\Virtual_COM_Port\RIDE\STM3210E-OPEN4\stm32f10x_it.o


Disassembly of section .text.NMI_Handler:

00000000 <NMI_Handler>:
NMI_Handler():
C:\Downloaded Files\Virtual-Com-2\Virtual-Com-2\Project\Virtual_COM_Port\RIDE\src/stm32f10x_it.c:43
* Output         : None
* Return         : None
*******************************************************************************/
void NMI_Handler(void)
{
}
   0:	4770      	bx	lr

Disassembly of section .text.HardFault_Handler:

00000000 <HardFault_Handler>:
HardFault_Handler():
C:\Downloaded Files\Virtual-Com-2\Virtual-Com-2\Project\Virtual_COM_Port\RIDE\src/stm32f10x_it.c:53
* Input          : None
* Output         : None
* Return         : None
*******************************************************************************/
void HardFault_Handler(void)
{
   0:	e7fe      	b.n	0 <HardFault_Handler>

Disassembly of section .text.MemManage_Handler:

00000000 <MemManage_Handler>:
MemManage_Handler():
C:\Downloaded Files\Virtual-Com-2\Virtual-Com-2\Project\Virtual_COM_Port\RIDE\src/stm32f10x_it.c:68
* Input          : None
* Output         : None
* Return         : None
*******************************************************************************/
void MemManage_Handler(void)
{
   0:	e7fe      	b.n	0 <MemManage_Handler>

Disassembly of section .text.BusFault_Handler:

00000000 <BusFault_Handler>:
BusFault_Handler():
C:\Downloaded Files\Virtual-Com-2\Virtual-Com-2\Project\Virtual_COM_Port\RIDE\src/stm32f10x_it.c:83
* Input          : None
* Output         : None
* Return         : None
*******************************************************************************/
void BusFault_Handler(void)
{
   0:	e7fe      	b.n	0 <BusFault_Handler>

Disassembly of section .text.UsageFault_Handler:

00000000 <UsageFault_Handler>:
UsageFault_Handler():
C:\Downloaded Files\Virtual-Com-2\Virtual-Com-2\Project\Virtual_COM_Port\RIDE\src/stm32f10x_it.c:98
* Input          : None
* Output         : None
* Return         : None
*******************************************************************************/
void UsageFault_Handler(void)
{
   0:	e7fe      	b.n	0 <UsageFault_Handler>

Disassembly of section .text.SVC_Handler:

00000000 <SVC_Handler>:
SVC_Handler():
C:\Downloaded Files\Virtual-Com-2\Virtual-Com-2\Project\Virtual_COM_Port\RIDE\src/stm32f10x_it.c:114
* Output         : None
* Return         : None
*******************************************************************************/
void SVC_Handler(void)
{
}
   0:	4770      	bx	lr

Disassembly of section .text.DebugMon_Handler:

00000000 <DebugMon_Handler>:
DebugMon_Handler():
C:\Downloaded Files\Virtual-Com-2\Virtual-Com-2\Project\Virtual_COM_Port\RIDE\src/stm32f10x_it.c:125
* Output         : None
* Return         : None
*******************************************************************************/
void DebugMon_Handler(void)
{
}
   0:	4770      	bx	lr

Disassembly of section .text.PendSV_Handler:

00000000 <PendSV_Handler>:
PendSV_Handler():
C:\Downloaded Files\Virtual-Com-2\Virtual-Com-2\Project\Virtual_COM_Port\RIDE\src/stm32f10x_it.c:136
* Output         : None
* Return         : None
*******************************************************************************/
void PendSV_Handler(void)
{
}
   0:	4770      	bx	lr

Disassembly of section .text.SysTick_Handler:

00000000 <SysTick_Handler>:
SysTick_Handler():
C:\Downloaded Files\Virtual-Com-2\Virtual-Com-2\Project\Virtual_COM_Port\RIDE\src/stm32f10x_it.c:147
* Output         : None
* Return         : None
*******************************************************************************/
void SysTick_Handler(void)
{
}
   0:	4770      	bx	lr

Disassembly of section .text.USB_LP_CAN1_RX0_IRQHandler:

00000000 <USB_LP_CAN1_RX0_IRQHandler>:
USB_LP_CAN1_RX0_IRQHandler():
C:\Downloaded Files\Virtual-Com-2\Virtual-Com-2\Project\Virtual_COM_Port\RIDE\src/stm32f10x_it.c:164
* Output         : None
* Return         : None
*******************************************************************************/
void USB_LP_CAN1_RX0_IRQHandler(void)
{
  USB_Istr();
   0:	f7ff bffe 	b.w	0 <USB_Istr>

Disassembly of section .text.USART2_IRQHandler:

00000000 <USART2_IRQHandler>:
USART2_IRQHandler():
C:\Downloaded Files\Virtual-Com-2\Virtual-Com-2\Project\Virtual_COM_Port\RIDE\src/stm32f10x_it.c:201
* Input          : None
* Output         : None
* Return         : None
*******************************************************************************/
void USART2_IRQHandler(void)
{
   0:	b510      	push	{r4, lr}
C:\Downloaded Files\Virtual-Com-2\Virtual-Com-2\Project\Virtual_COM_Port\RIDE\src/stm32f10x_it.c:202
  if (USART_GetITStatus(USART2, USART_IT_RXNE) != RESET)
   2:	4809      	ldr	r0, [pc, #36]	; (28 <USART2_IRQHandler+0x28>)
   4:	f240 5125 	movw	r1, #1317	; 0x525
   8:	f7ff fffe 	bl	0 <USART_GetITStatus>
   c:	b108      	cbz	r0, 6 <USART_To_USB_Send_Data+0x6>
C:\Downloaded Files\Virtual-Com-2\Virtual-Com-2\Project\Virtual_COM_Port\RIDE\src/stm32f10x_it.c:205
  {
    /* Send the received data to the PC Host*/
    USART_To_USB_Send_Data();
   e:	f7ff fffe 	bl	0 <USART_To_USB_Send_Data>
C:\Downloaded Files\Virtual-Com-2\Virtual-Com-2\Project\Virtual_COM_Port\RIDE\src/stm32f10x_it.c:209
  }

  /* If overrun condition occurs, clear the ORE flag and recover communication */  
  if (USART_GetFlagStatus(USART2, USART_FLAG_ORE) != RESET)
  12:	4805      	ldr	r0, [pc, #20]	; (28 <USART2_IRQHandler+0x28>)
  14:	2108      	movs	r1, #8
  16:	f7ff fffe 	bl	0 <USART_GetFlagStatus>
  1a:	b120      	cbz	r0, 26 <USART2_IRQHandler+0x26>
C:\Downloaded Files\Virtual-Com-2\Virtual-Com-2\Project\Virtual_COM_Port\RIDE\src/stm32f10x_it.c:211
  {
    (void)USART_ReceiveData(USART2);
  1c:	4802      	ldr	r0, [pc, #8]	; (28 <USART2_IRQHandler+0x28>)
C:\Downloaded Files\Virtual-Com-2\Virtual-Com-2\Project\Virtual_COM_Port\RIDE\src/stm32f10x_it.c:213
  }
}
  1e:	e8bd 4010 	ldmia.w	sp!, {r4, lr}
C:\Downloaded Files\Virtual-Com-2\Virtual-Com-2\Project\Virtual_COM_Port\RIDE\src/stm32f10x_it.c:211
  }

  /* If overrun condition occurs, clear the ORE flag and recover communication */  
  if (USART_GetFlagStatus(USART2, USART_FLAG_ORE) != RESET)
  {
    (void)USART_ReceiveData(USART2);
  22:	f7ff bffe 	b.w	0 <USART_ReceiveData>
  26:	bd10      	pop	{r4, pc}
  28:	40004400 	.word	0x40004400
